Archive member included to satisfy reference by file (symbol)

c:/st/stm32cubeide_1.6.1/stm32cubeide/plugins/com.st.stm32cube.ide.mcu.externaltools.gnu-tools-for-stm32.9-2020-q2-update.win32_1.5.0.202011040924/tools/bin/../lib/gcc/arm-none-eabi/9.3.1/../../../../arm-none-eabi/lib/thumb/v7-m/nofp\libc_nano.a(lib_a-errno.o)
                              Core/Src/syscalls.o (__errno)
c:/st/stm32cubeide_1.6.1/stm32cubeide/plugins/com.st.stm32cube.ide.mcu.externaltools.gnu-tools-for-stm32.9-2020-q2-update.win32_1.5.0.202011040924/tools/bin/../lib/gcc/arm-none-eabi/9.3.1/../../../../arm-none-eabi/lib/thumb/v7-m/nofp\libc_nano.a(lib_a-exit.o)
                              c:/st/stm32cubeide_1.6.1/stm32cubeide/plugins/com.st.stm32cube.ide.mcu.externaltools.gnu-tools-for-stm32.9-2020-q2-update.win32_1.5.0.202011040924/tools/bin/../lib/gcc/arm-none-eabi/9.3.1/../../../../arm-none-eabi/lib/thumb/v7-m/nofp/crt0.o (exit)
c:/st/stm32cubeide_1.6.1/stm32cubeide/plugins/com.st.stm32cube.ide.mcu.externaltools.gnu-tools-for-stm32.9-2020-q2-update.win32_1.5.0.202011040924/tools/bin/../lib/gcc/arm-none-eabi/9.3.1/../../../../arm-none-eabi/lib/thumb/v7-m/nofp\libc_nano.a(lib_a-impure.o)
                              c:/st/stm32cubeide_1.6.1/stm32cubeide/plugins/com.st.stm32cube.ide.mcu.externaltools.gnu-tools-for-stm32.9-2020-q2-update.win32_1.5.0.202011040924/tools/bin/../lib/gcc/arm-none-eabi/9.3.1/../../../../arm-none-eabi/lib/thumb/v7-m/nofp\libc_nano.a(lib_a-exit.o) (_global_impure_ptr)
c:/st/stm32cubeide_1.6.1/stm32cubeide/plugins/com.st.stm32cube.ide.mcu.externaltools.gnu-tools-for-stm32.9-2020-q2-update.win32_1.5.0.202011040924/tools/bin/../lib/gcc/arm-none-eabi/9.3.1/../../../../arm-none-eabi/lib/thumb/v7-m/nofp\libc_nano.a(lib_a-init.o)
                              c:/st/stm32cubeide_1.6.1/stm32cubeide/plugins/com.st.stm32cube.ide.mcu.externaltools.gnu-tools-for-stm32.9-2020-q2-update.win32_1.5.0.202011040924/tools/bin/../lib/gcc/arm-none-eabi/9.3.1/../../../../arm-none-eabi/lib/thumb/v7-m/nofp/crt0.o (__libc_init_array)
c:/st/stm32cubeide_1.6.1/stm32cubeide/plugins/com.st.stm32cube.ide.mcu.externaltools.gnu-tools-for-stm32.9-2020-q2-update.win32_1.5.0.202011040924/tools/bin/../lib/gcc/arm-none-eabi/9.3.1/../../../../arm-none-eabi/lib/thumb/v7-m/nofp\libc_nano.a(lib_a-memcpy-stub.o)
                              USB_DEVICE/App/usbd_cdc_if.o (memcpy)
c:/st/stm32cubeide_1.6.1/stm32cubeide/plugins/com.st.stm32cube.ide.mcu.externaltools.gnu-tools-for-stm32.9-2020-q2-update.win32_1.5.0.202011040924/tools/bin/../lib/gcc/arm-none-eabi/9.3.1/../../../../arm-none-eabi/lib/thumb/v7-m/nofp\libc_nano.a(lib_a-memset.o)
                              c:/st/stm32cubeide_1.6.1/stm32cubeide/plugins/com.st.stm32cube.ide.mcu.externaltools.gnu-tools-for-stm32.9-2020-q2-update.win32_1.5.0.202011040924/tools/bin/../lib/gcc/arm-none-eabi/9.3.1/../../../../arm-none-eabi/lib/thumb/v7-m/nofp/crt0.o (memset)

Allocating common symbols
Common symbol       size              file

hUsbDeviceFS        0x2c4             USB_DEVICE/App/usb_device.o
hdma_tim2_ch1       0x44              Core/Src/main.o
hdma_tim2_pwm_ch2   0x44              Core/Src/ws2812_led.o
hdma_tim2_up        0x44              Core/Src/main.o
hdma_tim2_ch2_ch4   0x44              Core/Src/main.o
uwTick              0x4               Drivers/STM32F1xx_HAL_Driver/Src/stm32f1xx_hal.o
pFlash              0x20              Drivers/STM32F1xx_HAL_Driver/Src/stm32f1xx_hal_flash.o
UserRxBufferFS      0x3e8             USB_DEVICE/App/usbd_cdc_if.o
huart1              0x40              Core/Src/main.o
UserTxBufferFS      0x3e8             USB_DEVICE/App/usbd_cdc_if.o
hdma_tim2_pwm_ch1   0x44              Core/Src/ws2812_led.o
hdma_tim2_update    0x44              Core/Src/ws2812_led.o
htimer2             0x48              Core/Src/ws2812_led.o
htim2               0x48              Core/Src/main.o
channel_framebuffers
                    0xa8c             Core/Src/main.o
hpcd_USB_FS         0x2ec             USB_DEVICE/Target/usbd_conf.o
USBD_StrDesc        0x200             USB_DEVICE/App/usbd_desc.o

Discarded input sections

 .text          0x0000000000000000        0x0 c:/st/stm32cubeide_1.6.1/stm32cubeide/plugins/com.st.stm32cube.ide.mcu.externaltools.gnu-tools-for-stm32.9-2020-q2-update.win32_1.5.0.202011040924/tools/bin/../lib/gcc/arm-none-eabi/9.3.1/thumb/v7-m/nofp/crti.o
 .data          0x0000000000000000        0x0 c:/st/stm32cubeide_1.6.1/stm32cubeide/plugins/com.st.stm32cube.ide.mcu.externaltools.gnu-tools-for-stm32.9-2020-q2-update.win32_1.5.0.202011040924/tools/bin/../lib/gcc/arm-none-eabi/9.3.1/thumb/v7-m/nofp/crti.o
 .bss           0x0000000000000000        0x0 c:/st/stm32cubeide_1.6.1/stm32cubeide/plugins/com.st.stm32cube.ide.mcu.externaltools.gnu-tools-for-stm32.9-2020-q2-update.win32_1.5.0.202011040924/tools/bin/../lib/gcc/arm-none-eabi/9.3.1/thumb/v7-m/nofp/crti.o
[...]
Memory Configuration

Name             Origin             Length             Attributes
RAM              0x0000000020000000 0x0000000000005000 xrw
FLASH            0x0000000008000000 0x0000000000010000 xr
*default*        0x0000000000000000 0xffffffffffffffff

Linker script and memory map

LOAD c:/st/stm32cubeide_1.6.1/stm32cubeide/plugins/com.st.stm32cube.ide.mcu.externaltools.gnu-tools-for-stm32.9-2020-q2-update.win32_1.5.0.202011040924/tools/bin/../lib/gcc/arm-none-eabi/9.3.1/thumb/v7-m/nofp/crti.o
LOAD c:/st/stm32cubeide_1.6.1/stm32cubeide/plugins/com.st.stm32cube.ide.mcu.externaltools.gnu-tools-for-stm32.9-2020-q2-update.win32_1.5.0.202011040924/tools/bin/../lib/gcc/arm-none-eabi/9.3.1/thumb/v7-m/nofp/crtbegin.o
LOAD c:/st/stm32cubeide_1.6.1/stm32cubeide/plugins/com.st.stm32cube.ide.mcu.externaltools.gnu-tools-for-stm32.9-2020-q2-update.win32_1.5.0.202011040924/tools/bin/../lib/gcc/arm-none-eabi/9.3.1/../../../../arm-none-eabi/lib/thumb/v7-m/nofp/crt0.o
LOAD Core/Src/main.o
LOAD Core/Src/stm32f1xx_hal_msp.o
LOAD Core/Src/stm32f1xx_it.o
LOAD Core/Src/syscalls.o
LOAD Core/Src/sysmem.o
LOAD Core/Src/system_stm32f1xx.o
LOAD Core/Src/ws2812_led.o
LOAD Core/Startup/startup_stm32f103c8tx.o
LOAD Drivers/STM32F1xx_HAL_Driver/Src/stm32f1xx_hal.o
LOAD Drivers/STM32F1xx_HAL_Driver/Src/stm32f1xx_hal_cortex.o
LOAD Drivers/STM32F1xx_HAL_Driver/Src/stm32f1xx_hal_dma.o
LOAD Drivers/STM32F1xx_HAL_Driver/Src/stm32f1xx_hal_exti.o
LOAD Drivers/STM32F1xx_HAL_Driver/Src/stm32f1xx_hal_flash.o
LOAD Drivers/STM32F1xx_HAL_Driver/Src/stm32f1xx_hal_flash_ex.o
LOAD Drivers/STM32F1xx_HAL_Driver/Src/stm32f1xx_hal_gpio.o
LOAD Drivers/STM32F1xx_HAL_Driver/Src/stm32f1xx_hal_gpio_ex.o
LOAD Drivers/STM32F1xx_HAL_Driver/Src/stm32f1xx_hal_pcd.o
LOAD Drivers/STM32F1xx_HAL_Driver/Src/stm32f1xx_hal_pcd_ex.o
LOAD Drivers/STM32F1xx_HAL_Driver/Src/stm32f1xx_hal_pwr.o
LOAD Drivers/STM32F1xx_HAL_Driver/Src/stm32f1xx_hal_rcc.o
LOAD Drivers/STM32F1xx_HAL_Driver/Src/stm32f1xx_hal_rcc_ex.o
LOAD Drivers/STM32F1xx_HAL_Driver/Src/stm32f1xx_hal_tim.o
LOAD Drivers/STM32F1xx_HAL_Driver/Src/stm32f1xx_hal_tim_ex.o
LOAD Drivers/STM32F1xx_HAL_Driver/Src/stm32f1xx_hal_uart.o
LOAD Drivers/STM32F1xx_HAL_Driver/Src/stm32f1xx_ll_usb.o
LOAD Middlewares/ST/STM32_USB_Device_Library/Class/CDC/Src/usbd_cdc.o
LOAD Middlewares/ST/STM32_USB_Device_Library/Core/Src/usbd_core.o
LOAD Middlewares/ST/STM32_USB_Device_Library/Core/Src/usbd_ctlreq.o
LOAD Middlewares/ST/STM32_USB_Device_Library/Core/Src/usbd_ioreq.o
LOAD USB_DEVICE/App/usb_device.o
LOAD USB_DEVICE/App/usbd_cdc_if.o
LOAD USB_DEVICE/App/usbd_desc.o
LOAD USB_DEVICE/Target/usbd_conf.o
START GROUP
LOAD c:/st/stm32cubeide_1.6.1/stm32cubeide/plugins/com.st.stm32cube.ide.mcu.externaltools.gnu-tools-for-stm32.9-2020-q2-update.win32_1.5.0.202011040924/tools/bin/../lib/gcc/arm-none-eabi/9.3.1/../../../../arm-none-eabi/lib/thumb/v7-m/nofp\libc_nano.a
LOAD c:/st/stm32cubeide_1.6.1/stm32cubeide/plugins/com.st.stm32cube.ide.mcu.externaltools.gnu-tools-for-stm32.9-2020-q2-update.win32_1.5.0.202011040924/tools/bin/../lib/gcc/arm-none-eabi/9.3.1/../../../../arm-none-eabi/lib/thumb/v7-m/nofp\libm.a
END GROUP
START GROUP
LOAD c:/st/stm32cubeide_1.6.1/stm32cubeide/plugins/com.st.stm32cube.ide.mcu.externaltools.gnu-tools-for-stm32.9-2020-q2-update.win32_1.5.0.202011040924/tools/bin/../lib/gcc/arm-none-eabi/9.3.1/thumb/v7-m/nofp\libgcc.a
LOAD c:/st/stm32cubeide_1.6.1/stm32cubeide/plugins/com.st.stm32cube.ide.mcu.externaltools.gnu-tools-for-stm32.9-2020-q2-update.win32_1.5.0.202011040924/tools/bin/../lib/gcc/arm-none-eabi/9.3.1/../../../../arm-none-eabi/lib/thumb/v7-m/nofp\libc_nano.a
END GROUP
START GROUP
LOAD c:/st/stm32cubeide_1.6.1/stm32cubeide/plugins/com.st.stm32cube.ide.mcu.externaltools.gnu-tools-for-stm32.9-2020-q2-update.win32_1.5.0.202011040924/tools/bin/../lib/gcc/arm-none-eabi/9.3.1/thumb/v7-m/nofp\libgcc.a
LOAD c:/st/stm32cubeide_1.6.1/stm32cubeide/plugins/com.st.stm32cube.ide.mcu.externaltools.gnu-tools-for-stm32.9-2020-q2-update.win32_1.5.0.202011040924/tools/bin/../lib/gcc/arm-none-eabi/9.3.1/../../../../arm-none-eabi/lib/thumb/v7-m/nofp\libc_nano.a
LOAD c:/st/stm32cubeide_1.6.1/stm32cubeide/plugins/com.st.stm32cube.ide.mcu.externaltools.gnu-tools-for-stm32.9-2020-q2-update.win32_1.5.0.202011040924/tools/bin/../lib/gcc/arm-none-eabi/9.3.1/../../../../arm-none-eabi/lib/thumb/v7-m/nofp\libnosys.a
END GROUP
START GROUP
LOAD c:/st/stm32cubeide_1.6.1/stm32cubeide/plugins/com.st.stm32cube.ide.mcu.externaltools.gnu-tools-for-stm32.9-2020-q2-update.win32_1.5.0.202011040924/tools/bin/../lib/gcc/arm-none-eabi/9.3.1/thumb/v7-m/nofp\libgcc.a
LOAD c:/st/stm32cubeide_1.6.1/stm32cubeide/plugins/com.st.stm32cube.ide.mcu.externaltools.gnu-tools-for-stm32.9-2020-q2-update.win32_1.5.0.202011040924/tools/bin/../lib/gcc/arm-none-eabi/9.3.1/../../../../arm-none-eabi/lib/thumb/v7-m/nofp\libc_nano.a
LOAD c:/st/stm32cubeide_1.6.1/stm32cubeide/plugins/com.st.stm32cube.ide.mcu.externaltools.gnu-tools-for-stm32.9-2020-q2-update.win32_1.5.0.202011040924/tools/bin/../lib/gcc/arm-none-eabi/9.3.1/../../../../arm-none-eabi/lib/thumb/v7-m/nofp\libnosys.a
END GROUP
LOAD c:/st/stm32cubeide_1.6.1/stm32cubeide/plugins/com.st.stm32cube.ide.mcu.externaltools.gnu-tools-for-stm32.9-2020-q2-update.win32_1.5.0.202011040924/tools/bin/../lib/gcc/arm-none-eabi/9.3.1/thumb/v7-m/nofp/crtend.o
LOAD c:/st/stm32cubeide_1.6.1/stm32cubeide/plugins/com.st.stm32cube.ide.mcu.externaltools.gnu-tools-for-stm32.9-2020-q2-update.win32_1.5.0.202011040924/tools/bin/../lib/gcc/arm-none-eabi/9.3.1/thumb/v7-m/nofp/crtn.o
                0x0000000020005000                _estack = (ORIGIN (RAM) + LENGTH (RAM))
                0x0000000000000400                _Min_Heap_Size = 0x400
                0x0000000000000800                _Min_Stack_Size = 0x800

.isr_vector     0x0000000008000000      0x10c
                0x0000000008000000                . = ALIGN (0x4)
 *(.isr_vector)
 .isr_vector    0x0000000008000000      0x10c Core/Startup/startup_stm32f103c8tx.o
                0x0000000008000000                g_pfnVectors
                0x000000000800010c                . = ALIGN (0x4)

.text           0x000000000800010c     0x4498
                0x000000000800010c                . = ALIGN (0x4)
 *(.text)
 .text          0x000000000800010c       0x40 c:/st/stm32cubeide_1.6.1/stm32cubeide/plugins/com.st.stm32cube.ide.mcu.externaltools.gnu-tools-for-stm32.9-2020-q2-update.win32_1.5.0.202011040924/tools/bin/../lib/gcc/arm-none-eabi/9.3.1/thumb/v7-m/nofp/crtbegin.o
 *(.text*)
 .text.SystemClock_Config
                0x000000000800014c       0x6a Core/Src/main.o
                0x000000000800014c                SystemClock_Config
 *fill*         0x00000000080001b6        0x2 
 .text.main     0x00000000080001b8      0x1b0 Core/Src/main.o
                0x00000000080001b8                main
 .text.Error_Handler
                0x0000000008000368        0x2 Core/Src/main.o
                0x0000000008000368                Error_Handler
 *fill*         0x000000000800036a        0x2 
 .text.HAL_MspInit
                0x000000000800036c       0x44 Core/Src/stm32f1xx_hal_msp.o
                0x000000000800036c                HAL_MspInit
 .text.HAL_TIM_Base_MspInit
                0x00000000080003b0       0xf0 Core/Src/stm32f1xx_hal_msp.o
                0x00000000080003b0                HAL_TIM_Base_MspInit
 .text.HAL_UART_MspInit
                0x00000000080004a0       0x78 Core/Src/stm32f1xx_hal_msp.o
                0x00000000080004a0                HAL_UART_MspInit
 .text.NMI_Handler
                0x0000000008000518        0x2 Core/Src/stm32f1xx_it.o
                0x0000000008000518                NMI_Handler
 .text.HardFault_Handler
                0x000000000800051a        0x2 Core/Src/stm32f1xx_it.o
                0x000000000800051a                HardFault_Handler
 .text.MemManage_Handler
                0x000000000800051c        0x2 Core/Src/stm32f1xx_it.o
                0x000000000800051c                MemManage_Handler
 .text.BusFault_Handler
                0x000000000800051e        0x2 Core/Src/stm32f1xx_it.o
                0x000000000800051e                BusFault_Handler
 .text.UsageFault_Handler
                0x0000000008000520        0x2 Core/Src/stm32f1xx_it.o
                0x0000000008000520                UsageFault_Handler
 .text.SVC_Handler
                0x0000000008000522        0x2 Core/Src/stm32f1xx_it.o
                0x0000000008000522                SVC_Handler
 .text.DebugMon_Handler
                0x0000000008000524        0x2 Core/Src/stm32f1xx_it.o
                0x0000000008000524                DebugMon_Handler
 .text.PendSV_Handler
                0x0000000008000526        0x2 Core/Src/stm32f1xx_it.o
                0x0000000008000526                PendSV_Handler
 .text.SysTick_Handler
                0x0000000008000528        0x8 Core/Src/stm32f1xx_it.o
                0x0000000008000528                SysTick_Handler
 .text.DMA1_Channel2_IRQHandler
                0x0000000008000530       0x10 Core/Src/stm32f1xx_it.o
                0x0000000008000530                DMA1_Channel2_IRQHandler
 .text.DMA1_Channel5_IRQHandler
                0x0000000008000540       0x10 Core/Src/stm32f1xx_it.o
                0x0000000008000540                DMA1_Channel5_IRQHandler
 .text.DMA1_Channel7_IRQHandler
                0x0000000008000550       0x10 Core/Src/stm32f1xx_it.o
                0x0000000008000550                DMA1_Channel7_IRQHandler
 .text.USB_LP_CAN1_RX0_IRQHandler
                0x0000000008000560       0x10 Core/Src/stm32f1xx_it.o
                0x0000000008000560                USB_LP_CAN1_RX0_IRQHandler
 .text.SystemInit
                0x0000000008000570        0x2 Core/Src/system_stm32f1xx.o
                0x0000000008000570                SystemInit
 *fill*         0x0000000008000572        0x2 
 .text.Reset_Handler
                0x0000000008000574       0x48 Core/Startup/startup_stm32f103c8tx.o
                0x0000000008000574                Reset_Handler
 .text.Default_Handler
                0x00000000080005bc        0x2 Core/Startup/startup_stm32f103c8tx.o
                0x00000000080005bc                RTC_Alarm_IRQHandler
                0x00000000080005bc                EXTI2_IRQHandler
                0x00000000080005bc                TIM1_CC_IRQHandler
                0x00000000080005bc                PVD_IRQHandler
                0x00000000080005bc                EXTI3_IRQHandler
                0x00000000080005bc                EXTI0_IRQHandler
                0x00000000080005bc                I2C2_EV_IRQHandler
                0x00000000080005bc                ADC1_2_IRQHandler
                0x00000000080005bc                SPI1_IRQHandler
                0x00000000080005bc                TAMPER_IRQHandler
                0x00000000080005bc                DMA1_Channel4_IRQHandler
                0x00000000080005bc                USART3_IRQHandler
                0x00000000080005bc                RTC_IRQHandler
                0x00000000080005bc                CAN1_RX1_IRQHandler
                0x00000000080005bc                TIM4_IRQHandler
                0x00000000080005bc                I2C1_EV_IRQHandler
                0x00000000080005bc                DMA1_Channel6_IRQHandler
                0x00000000080005bc                TIM3_IRQHandler
                0x00000000080005bc                RCC_IRQHandler
                0x00000000080005bc                TIM1_TRG_COM_IRQHandler
                0x00000000080005bc                DMA1_Channel1_IRQHandler
                0x00000000080005bc                Default_Handler
                0x00000000080005bc                EXTI15_10_IRQHandler
                0x00000000080005bc                EXTI9_5_IRQHandler
                0x00000000080005bc                SPI2_IRQHandler
                0x00000000080005bc                EXTI4_IRQHandler
                0x00000000080005bc                USB_HP_CAN1_TX_IRQHandler
                0x00000000080005bc                DMA1_Channel3_IRQHandler
                0x00000000080005bc                TIM1_UP_IRQHandler
                0x00000000080005bc                WWDG_IRQHandler
                0x00000000080005bc                TIM2_IRQHandler
                0x00000000080005bc                TIM1_BRK_IRQHandler
                0x00000000080005bc                EXTI1_IRQHandler
                0x00000000080005bc                USART2_IRQHandler
                0x00000000080005bc                I2C2_ER_IRQHandler
                0x00000000080005bc                CAN1_SCE_IRQHandler
                0x00000000080005bc                FLASH_IRQHandler
                0x00000000080005bc                USART1_IRQHandler
                0x00000000080005bc                I2C1_ER_IRQHandler
                0x00000000080005bc                USBWakeUp_IRQHandler
 *fill*         0x00000000080005be        0x2 
 .text.HAL_InitTick
                0x00000000080005c0       0x4c Drivers/STM32F1xx_HAL_Driver/Src/stm32f1xx_hal.o
                0x00000000080005c0                HAL_InitTick
 .text.HAL_Init
                0x000000000800060c       0x24 Drivers/STM32F1xx_HAL_Driver/Src/stm32f1xx_hal.o
                0x000000000800060c                HAL_Init
 .text.HAL_IncTick
                0x0000000008000630       0x18 Drivers/STM32F1xx_HAL_Driver/Src/stm32f1xx_hal.o
                0x0000000008000630                HAL_IncTick
 .text.HAL_GetTick
                0x0000000008000648        0xc Drivers/STM32F1xx_HAL_Driver/Src/stm32f1xx_hal.o
                0x0000000008000648                HAL_GetTick
 .text.HAL_NVIC_SetPriorityGrouping
                0x0000000008000654       0x24 Drivers/STM32F1xx_HAL_Driver/Src/stm32f1xx_hal_cortex.o
                0x0000000008000654                HAL_NVIC_SetPriorityGrouping
 .text.HAL_NVIC_SetPriority
                0x0000000008000678       0x64 Drivers/STM32F1xx_HAL_Driver/Src/stm32f1xx_hal_cortex.o
                0x0000000008000678                HAL_NVIC_SetPriority
 .text.HAL_NVIC_EnableIRQ
                0x00000000080006dc       0x1c Drivers/STM32F1xx_HAL_Driver/Src/stm32f1xx_hal_cortex.o
                0x00000000080006dc                HAL_NVIC_EnableIRQ
 .text.HAL_SYSTICK_Config
                0x00000000080006f8       0x2c Drivers/STM32F1xx_HAL_Driver/Src/stm32f1xx_hal_cortex.o
                0x00000000080006f8                HAL_SYSTICK_Config
 .text.HAL_DMA_Init
                0x0000000008000724       0x6c Drivers/STM32F1xx_HAL_Driver/Src/stm32f1xx_hal_dma.o
                0x0000000008000724                HAL_DMA_Init
 .text.HAL_DMA_IRQHandler
                0x0000000008000790      0x140 Drivers/STM32F1xx_HAL_Driver/Src/stm32f1xx_hal_dma.o
                0x0000000008000790                HAL_DMA_IRQHandler
 .text.HAL_GPIO_Init
                0x00000000080008d0      0x220 Drivers/STM32F1xx_HAL_Driver/Src/stm32f1xx_hal_gpio.o
                0x00000000080008d0                HAL_GPIO_Init
 .text.HAL_GPIO_WritePin
                0x0000000008000af0        0xc Drivers/STM32F1xx_HAL_Driver/Src/stm32f1xx_hal_gpio.o
                0x0000000008000af0                HAL_GPIO_WritePin
 .text.HAL_PCD_Init
                0x0000000008000afc      0x102 Drivers/STM32F1xx_HAL_Driver/Src/stm32f1xx_hal_pcd.o
                0x0000000008000afc                HAL_PCD_Init
 .text.HAL_PCD_Start
                0x0000000008000bfe       0x32 Drivers/STM32F1xx_HAL_Driver/Src/stm32f1xx_hal_pcd.o
                0x0000000008000bfe                HAL_PCD_Start
 .text.HAL_PCD_SetAddress
                0x0000000008000c30       0x28 Drivers/STM32F1xx_HAL_Driver/Src/stm32f1xx_hal_pcd.o
                0x0000000008000c30                HAL_PCD_SetAddress
 .text.HAL_PCD_IRQHandler
                0x0000000008000c58      0xaf8 Drivers/STM32F1xx_HAL_Driver/Src/stm32f1xx_hal_pcd.o
                0x0000000008000c58                HAL_PCD_IRQHandler
 .text.HAL_PCD_EP_Open
                0x0000000008001750       0x70 Drivers/STM32F1xx_HAL_Driver/Src/stm32f1xx_hal_pcd.o
                0x0000000008001750                HAL_PCD_EP_Open
 .text.HAL_PCD_EP_Close
                0x00000000080017c0       0x64 Drivers/STM32F1xx_HAL_Driver/Src/stm32f1xx_hal_pcd.o
                0x00000000080017c0                HAL_PCD_EP_Close
 .text.HAL_PCD_EP_Receive
                0x0000000008001824       0x3a Drivers/STM32F1xx_HAL_Driver/Src/stm32f1xx_hal_pcd.o
                0x0000000008001824                HAL_PCD_EP_Receive
 .text.HAL_PCD_EP_GetRxCount
                0x000000000800185e       0x12 Drivers/STM32F1xx_HAL_Driver/Src/stm32f1xx_hal_pcd.o
                0x000000000800185e                HAL_PCD_EP_GetRxCount
 .text.HAL_PCD_EP_Transmit
                0x0000000008001870       0x3a Drivers/STM32F1xx_HAL_Driver/Src/stm32f1xx_hal_pcd.o
                0x0000000008001870                HAL_PCD_EP_Transmit
 .text.HAL_PCD_EP_SetStall
                0x00000000080018aa       0x78 Drivers/STM32F1xx_HAL_Driver/Src/stm32f1xx_hal_pcd.o
                0x00000000080018aa                HAL_PCD_EP_SetStall
 .text.HAL_PCD_EP_ClrStall
                0x0000000008001922       0x76 Drivers/STM32F1xx_HAL_Driver/Src/stm32f1xx_hal_pcd.o
                0x0000000008001922                HAL_PCD_EP_ClrStall
 .text.HAL_PCDEx_PMAConfig
                0x0000000008001998       0x38 Drivers/STM32F1xx_HAL_Driver/Src/stm32f1xx_hal_pcd_ex.o
                0x0000000008001998                HAL_PCDEx_PMAConfig
 .text.HAL_RCC_OscConfig
                0x00000000080019d0      0x42c Drivers/STM32F1xx_HAL_Driver/Src/stm32f1xx_hal_rcc.o
                0x00000000080019d0                HAL_RCC_OscConfig
 .text.HAL_RCC_GetSysClockFreq
                0x0000000008001dfc       0x6c Drivers/STM32F1xx_HAL_Driver/Src/stm32f1xx_hal_rcc.o
                0x0000000008001dfc                HAL_RCC_GetSysClockFreq
 .text.HAL_RCC_ClockConfig
                0x0000000008001e68      0x170 Drivers/STM32F1xx_HAL_Driver/Src/stm32f1xx_hal_rcc.o
                0x0000000008001e68                HAL_RCC_ClockConfig
 .text.HAL_RCC_GetPCLK1Freq
                0x0000000008001fd8       0x20 Drivers/STM32F1xx_HAL_Driver/Src/stm32f1xx_hal_rcc.o
                0x0000000008001fd8                HAL_RCC_GetPCLK1Freq
 .text.HAL_RCC_GetPCLK2Freq
                0x0000000008001ff8       0x20 Drivers/STM32F1xx_HAL_Driver/Src/stm32f1xx_hal_rcc.o
                0x0000000008001ff8                HAL_RCC_GetPCLK2Freq
 .text.HAL_RCCEx_PeriphCLKConfig
                0x0000000008002018      0x118 Drivers/STM32F1xx_HAL_Driver/Src/stm32f1xx_hal_rcc_ex.o
                0x0000000008002018                HAL_RCCEx_PeriphCLKConfig
 .text.TIM_OC1_SetConfig
                0x0000000008002130       0x54 Drivers/STM32F1xx_HAL_Driver/Src/stm32f1xx_hal_tim.o
 .text.TIM_OC3_SetConfig
                0x0000000008002184       0x58 Drivers/STM32F1xx_HAL_Driver/Src/stm32f1xx_hal_tim.o
 .text.TIM_OC4_SetConfig
                0x00000000080021dc       0x48 Drivers/STM32F1xx_HAL_Driver/Src/stm32f1xx_hal_tim.o
 .text.HAL_TIM_PWM_MspInit
                0x0000000008002224        0x2 Drivers/STM32F1xx_HAL_Driver/Src/stm32f1xx_hal_tim.o
                0x0000000008002224                HAL_TIM_PWM_MspInit
 *fill*         0x0000000008002226        0x2 
 .text.TIM_Base_SetConfig
                0x0000000008002228       0x9c Drivers/STM32F1xx_HAL_Driver/Src/stm32f1xx_hal_tim.o
                0x0000000008002228                TIM_Base_SetConfig
 .text.HAL_TIM_Base_Init
                0x00000000080022c4       0x58 Drivers/STM32F1xx_HAL_Driver/Src/stm32f1xx_hal_tim.o
                0x00000000080022c4                HAL_TIM_Base_Init
 .text.HAL_TIM_PWM_Init
                0x000000000800231c       0x58 Drivers/STM32F1xx_HAL_Driver/Src/stm32f1xx_hal_tim.o
                0x000000000800231c                HAL_TIM_PWM_Init
 .text.TIM_OC2_SetConfig
                0x0000000008002374       0x5c Drivers/STM32F1xx_HAL_Driver/Src/stm32f1xx_hal_tim.o
                0x0000000008002374                TIM_OC2_SetConfig
 .text.HAL_TIM_PWM_ConfigChannel
                0x00000000080023d0       0xd0 Drivers/STM32F1xx_HAL_Driver/Src/stm32f1xx_hal_tim.o
                0x00000000080023d0                HAL_TIM_PWM_ConfigChannel
 .text.TIM_ETR_SetConfig
                0x00000000080024a0       0x16 Drivers/STM32F1xx_HAL_Driver/Src/stm32f1xx_hal_tim.o
                0x00000000080024a0                TIM_ETR_SetConfig
 .text.HAL_TIM_ConfigClockSource
                0x00000000080024b6      0x146 Drivers/STM32F1xx_HAL_Driver/Src/stm32f1xx_hal_tim.o
                0x00000000080024b6                HAL_TIM_ConfigClockSource
 .text.HAL_TIMEx_MasterConfigSynchronization
                0x00000000080025fc       0x68 Drivers/STM32F1xx_HAL_Driver/Src/stm32f1xx_hal_tim_ex.o
                0x00000000080025fc                HAL_TIMEx_MasterConfigSynchronization
 .text.UART_SetConfig
                0x0000000008002664       0x88 Drivers/STM32F1xx_HAL_Driver/Src/stm32f1xx_hal_uart.o
 .text.HAL_UART_Init
                0x00000000080026ec       0x5e Drivers/STM32F1xx_HAL_Driver/Src/stm32f1xx_hal_uart.o
                0x00000000080026ec                HAL_UART_Init
 .text.USB_CoreInit
                0x000000000800274a        0xe Drivers/STM32F1xx_HAL_Driver/Src/stm32f1xx_ll_usb.o
                0x000000000800274a                USB_CoreInit
 .text.USB_EnableGlobalInt
                0x0000000008002758       0x12 Drivers/STM32F1xx_HAL_Driver/Src/stm32f1xx_ll_usb.o
                0x0000000008002758                USB_EnableGlobalInt
 .text.USB_DisableGlobalInt
                0x000000000800276a       0x14 Drivers/STM32F1xx_HAL_Driver/Src/stm32f1xx_ll_usb.o
                0x000000000800276a                USB_DisableGlobalInt
 .text.USB_SetCurrentMode
                0x000000000800277e        0x4 Drivers/STM32F1xx_HAL_Driver/Src/stm32f1xx_ll_usb.o
                0x000000000800277e                USB_SetCurrentMode
 .text.USB_DevInit
                0x0000000008002782       0x26 Drivers/STM32F1xx_HAL_Driver/Src/stm32f1xx_ll_usb.o
                0x0000000008002782                USB_DevInit
 .text.USB_ActivateEndpoint
                0x00000000080027a8      0x2fa Drivers/STM32F1xx_HAL_Driver/Src/stm32f1xx_ll_usb.o
                0x00000000080027a8                USB_ActivateEndpoint
 .text.USB_DeactivateEndpoint
                0x0000000008002aa2      0x1d4 Drivers/STM32F1xx_HAL_Driver/Src/stm32f1xx_ll_usb.o
                0x0000000008002aa2                USB_DeactivateEndpoint
 .text.USB_EPSetStall
                0x0000000008002c76       0x4a Drivers/STM32F1xx_HAL_Driver/Src/stm32f1xx_ll_usb.o
                0x0000000008002c76                USB_EPSetStall
 .text.USB_EPClearStall
                0x0000000008002cc0       0xa2 Drivers/STM32F1xx_HAL_Driver/Src/stm32f1xx_ll_usb.o
                0x0000000008002cc0                USB_EPClearStall
 .text.USB_SetDevAddress
                0x0000000008002d62        0xc Drivers/STM32F1xx_HAL_Driver/Src/stm32f1xx_ll_usb.o
                0x0000000008002d62                USB_SetDevAddress
 .text.USB_DevConnect
                0x0000000008002d6e        0x4 Drivers/STM32F1xx_HAL_Driver/Src/stm32f1xx_ll_usb.o
                0x0000000008002d6e                USB_DevConnect
 .text.USB_DevDisconnect
                0x0000000008002d72        0x4 Drivers/STM32F1xx_HAL_Driver/Src/stm32f1xx_ll_usb.o
                0x0000000008002d72                USB_DevDisconnect
 .text.USB_ReadInterrupts
                0x0000000008002d76        0x8 Drivers/STM32F1xx_HAL_Driver/Src/stm32f1xx_ll_usb.o
                0x0000000008002d76                USB_ReadInterrupts
 .text.USB_EP0_OutStart
                0x0000000008002d7e        0x4 Drivers/STM32F1xx_HAL_Driver/Src/stm32f1xx_ll_usb.o
                0x0000000008002d7e                USB_EP0_OutStart
 .text.USB_WritePMA
                0x0000000008002d82       0x32 Drivers/STM32F1xx_HAL_Driver/Src/stm32f1xx_ll_usb.o
                0x0000000008002d82                USB_WritePMA
 .text.USB_EPStartXfer
                0x0000000008002db4      0x68a Drivers/STM32F1xx_HAL_Driver/Src/stm32f1xx_ll_usb.o
                0x0000000008002db4                USB_EPStartXfer
 .text.USB_ReadPMA
                0x000000000800343e       0x40 Drivers/STM32F1xx_HAL_Driver/Src/stm32f1xx_ll_usb.o
                0x000000000800343e                USB_ReadPMA
 .text.USBD_CDC_EP0_RxReady
                0x000000000800347e       0x2c Middlewares/ST/STM32_USB_Device_Library/Class/CDC/Src/usbd_cdc.o
 *fill*         0x00000000080034aa        0x2 
 .text.USBD_CDC_GetFSCfgDesc
                0x00000000080034ac        0xc Middlewares/ST/STM32_USB_Device_Library/Class/CDC/Src/usbd_cdc.o
 .text.USBD_CDC_GetHSCfgDesc
                0x00000000080034b8        0xc Middlewares/ST/STM32_USB_Device_Library/Class/CDC/Src/usbd_cdc.o
 .text.USBD_CDC_GetOtherSpeedCfgDesc
                0x00000000080034c4        0xc Middlewares/ST/STM32_USB_Device_Library/Class/CDC/Src/usbd_cdc.o
 .text.USBD_CDC_GetDeviceQualifierDescriptor
                0x00000000080034d0        0xc Middlewares/ST/STM32_USB_Device_Library/Class/CDC/Src/usbd_cdc.o
                0x00000000080034d0                USBD_CDC_GetDeviceQualifierDescriptor
 .text.USBD_CDC_DataOut
                0x00000000080034dc       0x2e Middlewares/ST/STM32_USB_Device_Library/Class/CDC/Src/usbd_cdc.o
 .text.USBD_CDC_DataIn
                0x000000000800350a       0x50 Middlewares/ST/STM32_USB_Device_Library/Class/CDC/Src/usbd_cdc.o
 .text.USBD_CDC_Setup
                0x000000000800355a       0xd6 Middlewares/ST/STM32_USB_Device_Library/Class/CDC/Src/usbd_cdc.o
 .text.USBD_CDC_DeInit
                0x0000000008003630       0x42 Middlewares/ST/STM32_USB_Device_Library/Class/CDC/Src/usbd_cdc.o
 .text.USBD_CDC_Init
                0x0000000008003672       0xaa Middlewares/ST/STM32_USB_Device_Library/Class/CDC/Src/usbd_cdc.o
 .text.USBD_CDC_RegisterInterface
                0x000000000800371c        0xe Middlewares/ST/STM32_USB_Device_Library/Class/CDC/Src/usbd_cdc.o
                0x000000000800371c                USBD_CDC_RegisterInterface
 .text.USBD_CDC_SetTxBuffer
                0x000000000800372a       0x10 Middlewares/ST/STM32_USB_Device_Library/Class/CDC/Src/usbd_cdc.o
                0x000000000800372a                USBD_CDC_SetTxBuffer
 .text.USBD_CDC_SetRxBuffer
                0x000000000800373a        0xc Middlewares/ST/STM32_USB_Device_Library/Class/CDC/Src/usbd_cdc.o
                0x000000000800373a                USBD_CDC_SetRxBuffer
 .text.USBD_CDC_TransmitPacket
                0x0000000008003746       0x34 Middlewares/ST/STM32_USB_Device_Library/Class/CDC/Src/usbd_cdc.o
                0x0000000008003746                USBD_CDC_TransmitPacket
 .text.USBD_CDC_ReceivePacket
                0x000000000800377a       0x32 Middlewares/ST/STM32_USB_Device_Library/Class/CDC/Src/usbd_cdc.o
                0x000000000800377a                USBD_CDC_ReceivePacket
 .text.USBD_Init
                0x00000000080037ac       0x2e Middlewares/ST/STM32_USB_Device_Library/Core/Src/usbd_core.o
                0x00000000080037ac                USBD_Init
 .text.USBD_RegisterClass
                0x00000000080037da        0xe Middlewares/ST/STM32_USB_Device_Library/Core/Src/usbd_core.o
                0x00000000080037da                USBD_RegisterClass
 .text.USBD_Start
                0x00000000080037e8        0xa Middlewares/ST/STM32_USB_Device_Library/Core/Src/usbd_core.o
                0x00000000080037e8                USBD_Start
 .text.USBD_SetClassConfig
                0x00000000080037f2       0x18 Middlewares/ST/STM32_USB_Device_Library/Core/Src/usbd_core.o
                0x00000000080037f2                USBD_SetClassConfig
 .text.USBD_ClrClassConfig
                0x000000000800380a        0xe Middlewares/ST/STM32_USB_Device_Library/Core/Src/usbd_core.o
                0x000000000800380a                USBD_ClrClassConfig
 .text.USBD_LL_SetupStage
                0x0000000008003818       0x5a Middlewares/ST/STM32_USB_Device_Library/Core/Src/usbd_core.o
                0x0000000008003818                USBD_LL_SetupStage
 .text.USBD_LL_DataOutStage
                0x0000000008003872       0x88 Middlewares/ST/STM32_USB_Device_Library/Core/Src/usbd_core.o
                0x0000000008003872                USBD_LL_DataOutStage
 .text.USBD_LL_DataInStage
                0x00000000080038fa       0xce Middlewares/ST/STM32_USB_Device_Library/Core/Src/usbd_core.o
                0x00000000080038fa                USBD_LL_DataInStage
 .text.USBD_LL_Reset
                0x00000000080039c8       0x50 Middlewares/ST/STM32_USB_Device_Library/Core/Src/usbd_core.o
                0x00000000080039c8                USBD_LL_Reset
 .text.USBD_LL_SetSpeed
                0x0000000008003a18        0x6 Middlewares/ST/STM32_USB_Device_Library/Core/Src/usbd_core.o
                0x0000000008003a18                USBD_LL_SetSpeed
 .text.USBD_LL_Suspend
                0x0000000008003a1e       0x12 Middlewares/ST/STM32_USB_Device_Library/Core/Src/usbd_core.o
                0x0000000008003a1e                USBD_LL_Suspend
 .text.USBD_LL_Resume
                0x0000000008003a30       0x14 Middlewares/ST/STM32_USB_Device_Library/Core/Src/usbd_core.o
                0x0000000008003a30                USBD_LL_Resume
 .text.USBD_LL_SOF
                0x0000000008003a44       0x1c Middlewares/ST/STM32_USB_Device_Library/Core/Src/usbd_core.o
                0x0000000008003a44                USBD_LL_SOF
 .text.USBD_ParseSetupRequest
                0x0000000008003a60       0x28 Middlewares/ST/STM32_USB_Device_Library/Core/Src/usbd_ctlreq.o
                0x0000000008003a60                USBD_ParseSetupRequest
 .text.USBD_CtlError
                0x0000000008003a88       0x14 Middlewares/ST/STM32_USB_Device_Library/Core/Src/usbd_ctlreq.o
                0x0000000008003a88                USBD_CtlError
 .text.USBD_StdDevReq
                0x0000000008003a9c      0x374 Middlewares/ST/STM32_USB_Device_Library/Core/Src/usbd_ctlreq.o
                0x0000000008003a9c                USBD_StdDevReq
 .text.USBD_StdItfReq
                0x0000000008003e10       0x60 Middlewares/ST/STM32_USB_Device_Library/Core/Src/usbd_ctlreq.o
                0x0000000008003e10                USBD_StdItfReq
 .text.USBD_StdEPReq
                0x0000000008003e70      0x1aa Middlewares/ST/STM32_USB_Device_Library/Core/Src/usbd_ctlreq.o
                0x0000000008003e70                USBD_StdEPReq
 .text.USBD_GetString
                0x000000000800401a       0x48 Middlewares/ST/STM32_USB_Device_Library/Core/Src/usbd_ctlreq.o
                0x000000000800401a                USBD_GetString
 .text.USBD_CtlSendData
                0x0000000008004062       0x1a Middlewares/ST/STM32_USB_Device_Library/Core/Src/usbd_ioreq.o
                0x0000000008004062                USBD_CtlSendData
 .text.USBD_CtlContinueSendData
                0x000000000800407c       0x10 Middlewares/ST/STM32_USB_Device_Library/Core/Src/usbd_ioreq.o
                0x000000000800407c                USBD_CtlContinueSendData
 .text.USBD_CtlPrepareRx
                0x000000000800408c       0x1e Middlewares/ST/STM32_USB_Device_Library/Core/Src/usbd_ioreq.o
                0x000000000800408c                USBD_CtlPrepareRx
 .text.USBD_CtlContinueRx
                0x00000000080040aa       0x10 Middlewares/ST/STM32_USB_Device_Library/Core/Src/usbd_ioreq.o
                0x00000000080040aa                USBD_CtlContinueRx
 .text.USBD_CtlSendStatus
                0x00000000080040ba       0x16 Middlewares/ST/STM32_USB_Device_Library/Core/Src/usbd_ioreq.o
                0x00000000080040ba                USBD_CtlSendStatus
 .text.USBD_CtlReceiveStatus
                0x00000000080040d0       0x16 Middlewares/ST/STM32_USB_Device_Library/Core/Src/usbd_ioreq.o
                0x00000000080040d0                USBD_CtlReceiveStatus
 *fill*         0x00000000080040e6        0x2 
 .text.MX_USB_DEVICE_Init
                0x00000000080040e8       0x54 USB_DEVICE/App/usb_device.o
                0x00000000080040e8                MX_USB_DEVICE_Init
 .text.CDC_DeInit_FS
                0x000000000800413c        0x4 USB_DEVICE/App/usbd_cdc_if.o
 .text.CDC_Control_FS
                0x0000000008004140        0x4 USB_DEVICE/App/usbd_cdc_if.o
 .text.CDC_Receive_FS
                0x0000000008004144       0x58 USB_DEVICE/App/usbd_cdc_if.o
 .text.CDC_Init_FS
                0x000000000800419c       0x28 USB_DEVICE/App/usbd_cdc_if.o
 .text.CDC_Transmit_FS
                0x00000000080041c4       0x2c USB_DEVICE/App/usbd_cdc_if.o
                0x00000000080041c4                CDC_Transmit_FS
 .text.USBD_FS_DeviceDescriptor
                0x00000000080041f0        0xc USB_DEVICE/App/usbd_desc.o
                0x00000000080041f0                USBD_FS_DeviceDescriptor
 .text.USBD_FS_LangIDStrDescriptor
                0x00000000080041fc        0xc USB_DEVICE/App/usbd_desc.o
                0x00000000080041fc                USBD_FS_LangIDStrDescriptor
 .text.IntToUnicode
                0x0000000008004208       0x30 USB_DEVICE/App/usbd_desc.o
 .text.USBD_FS_SerialStrDescriptor
                0x0000000008004238       0x40 USB_DEVICE/App/usbd_desc.o
                0x0000000008004238                USBD_FS_SerialStrDescriptor
 .text.USBD_FS_ProductStrDescriptor
                0x0000000008004278       0x18 USB_DEVICE/App/usbd_desc.o
                0x0000000008004278                USBD_FS_ProductStrDescriptor
 .text.USBD_FS_ManufacturerStrDescriptor
                0x0000000008004290       0x1c USB_DEVICE/App/usbd_desc.o
                0x0000000008004290                USBD_FS_ManufacturerStrDescriptor
 .text.USBD_FS_ConfigStrDescriptor
                0x00000000080042ac       0x18 USB_DEVICE/App/usbd_desc.o
                0x00000000080042ac                USBD_FS_ConfigStrDescriptor
 .text.USBD_FS_InterfaceStrDescriptor
                0x00000000080042c4       0x18 USB_DEVICE/App/usbd_desc.o
                0x00000000080042c4                USBD_FS_InterfaceStrDescriptor
 .text.USBD_Get_USB_Status
                0x00000000080042dc        0xe USB_DEVICE/Target/usbd_conf.o
 *fill*         0x00000000080042ea        0x2 
 .text.HAL_PCD_MspInit
                0x00000000080042ec       0x40 USB_DEVICE/Target/usbd_conf.o
                0x00000000080042ec                HAL_PCD_MspInit
 .text.HAL_PCD_SetupStageCallback
                0x000000000800432c       0x10 USB_DEVICE/Target/usbd_conf.o
                0x000000000800432c                HAL_PCD_SetupStageCallback
 .text.HAL_PCD_DataOutStageCallback
                0x000000000800433c       0x18 USB_DEVICE/Target/usbd_conf.o
                0x000000000800433c                HAL_PCD_DataOutStageCallback
 .text.HAL_PCD_DataInStageCallback
                0x0000000008004354       0x16 USB_DEVICE/Target/usbd_conf.o
                0x0000000008004354                HAL_PCD_DataInStageCallback
 .text.HAL_PCD_SOFCallback
                0x000000000800436a        0xc USB_DEVICE/Target/usbd_conf.o
                0x000000000800436a                HAL_PCD_SOFCallback
 .text.HAL_PCD_ResetCallback
                0x0000000008004376       0x24 USB_DEVICE/Target/usbd_conf.o
                0x0000000008004376                HAL_PCD_ResetCallback
 *fill*         0x000000000800439a        0x2 
 .text.HAL_PCD_SuspendCallback
                0x000000000800439c       0x20 USB_DEVICE/Target/usbd_conf.o
                0x000000000800439c                HAL_PCD_SuspendCallback
 .text.HAL_PCD_ResumeCallback
                0x00000000080043bc        0xc USB_DEVICE/Target/usbd_conf.o
                0x00000000080043bc                HAL_PCD_ResumeCallback
 .text.USBD_LL_Init
                0x00000000080043c8       0x84 USB_DEVICE/Target/usbd_conf.o
                0x00000000080043c8                USBD_LL_Init
 .text.USBD_LL_Start
                0x000000000800444c       0x10 USB_DEVICE/Target/usbd_conf.o
                0x000000000800444c                USBD_LL_Start
 .text.USBD_LL_OpenEP
                0x000000000800445c       0x16 USB_DEVICE/Target/usbd_conf.o
                0x000000000800445c                USBD_LL_OpenEP
 .text.USBD_LL_CloseEP
                0x0000000008004472       0x10 USB_DEVICE/Target/usbd_conf.o
                0x0000000008004472                USBD_LL_CloseEP
 .text.USBD_LL_StallEP
                0x0000000008004482       0x10 USB_DEVICE/Target/usbd_conf.o
                0x0000000008004482                USBD_LL_StallEP
 .text.USBD_LL_ClearStallEP
                0x0000000008004492       0x10 USB_DEVICE/Target/usbd_conf.o
                0x0000000008004492                USBD_LL_ClearStallEP
 .text.USBD_LL_IsStallEP
                0x00000000080044a2       0x2e USB_DEVICE/Target/usbd_conf.o
                0x00000000080044a2                USBD_LL_IsStallEP
 .text.USBD_LL_SetUSBAddress
                0x00000000080044d0       0x10 USB_DEVICE/Target/usbd_conf.o
                0x00000000080044d0                USBD_LL_SetUSBAddress
 .text.USBD_LL_Transmit
                0x00000000080044e0       0x10 USB_DEVICE/Target/usbd_conf.o
                0x00000000080044e0                USBD_LL_Transmit
 .text.USBD_LL_PrepareReceive
                0x00000000080044f0       0x10 USB_DEVICE/Target/usbd_conf.o
                0x00000000080044f0                USBD_LL_PrepareReceive
 .text.USBD_LL_GetRxDataSize
                0x0000000008004500        0xc USB_DEVICE/Target/usbd_conf.o
                0x0000000008004500                USBD_LL_GetRxDataSize
 .text.USBD_static_malloc
                0x000000000800450c        0x8 USB_DEVICE/Target/usbd_conf.o
                0x000000000800450c                USBD_static_malloc
 .text.USBD_static_free
                0x0000000008004514        0x2 USB_DEVICE/Target/usbd_conf.o
                0x0000000008004514                USBD_static_free
 .text.HAL_PCDEx_SetConnectionState
                0x0000000008004516        0x2 USB_DEVICE/Target/usbd_conf.o
                0x0000000008004516                HAL_PCDEx_SetConnectionState
 .text.__libc_init_array
                0x0000000008004518       0x48 c:/st/stm32cubeide_1.6.1/stm32cubeide/plugins/com.st.stm32cube.ide.mcu.externaltools.gnu-tools-for-stm32.9-2020-q2-update.win32_1.5.0.202011040924/tools/bin/../lib/gcc/arm-none-eabi/9.3.1/../../../../arm-none-eabi/lib/thumb/v7-m/nofp\libc_nano.a(lib_a-init.o)
                0x0000000008004518                __libc_init_array
 .text.memcpy   0x0000000008004560       0x1c c:/st/stm32cubeide_1.6.1/stm32cubeide/plugins/com.st.stm32cube.ide.mcu.externaltools.gnu-tools-for-stm32.9-2020-q2-update.win32_1.5.0.202011040924/tools/bin/../lib/gcc/arm-none-eabi/9.3.1/../../../../arm-none-eabi/lib/thumb/v7-m/nofp\libc_nano.a(lib_a-memcpy-stub.o)
                0x0000000008004560                memcpy
 .text.memset   0x000000000800457c       0x10 c:/st/stm32cubeide_1.6.1/stm32cubeide/plugins/com.st.stm32cube.ide.mcu.externaltools.gnu-tools-for-stm32.9-2020-q2-update.win32_1.5.0.202011040924/tools/bin/../lib/gcc/arm-none-eabi/9.3.1/../../../../arm-none-eabi/lib/thumb/v7-m/nofp\libc_nano.a(lib_a-memset.o)
                0x000000000800457c                memset
 *(.glue_7)
 .glue_7        0x000000000800458c        0x0 linker stubs
 *(.glue_7t)
 .glue_7t       0x000000000800458c        0x0 linker stubs
 *(.eh_frame)
 .eh_frame      0x000000000800458c        0x0 c:/st/stm32cubeide_1.6.1/stm32cubeide/plugins/com.st.stm32cube.ide.mcu.externaltools.gnu-tools-for-stm32.9-2020-q2-update.win32_1.5.0.202011040924/tools/bin/../lib/gcc/arm-none-eabi/9.3.1/thumb/v7-m/nofp/crtbegin.o
 *(.init)
 .init          0x000000000800458c        0x4 c:/st/stm32cubeide_1.6.1/stm32cubeide/plugins/com.st.stm32cube.ide.mcu.externaltools.gnu-tools-for-stm32.9-2020-q2-update.win32_1.5.0.202011040924/tools/bin/../lib/gcc/arm-none-eabi/9.3.1/thumb/v7-m/nofp/crti.o
                0x000000000800458c                _init
 .init          0x0000000008004590        0x8 c:/st/stm32cubeide_1.6.1/stm32cubeide/plugins/com.st.stm32cube.ide.mcu.externaltools.gnu-tools-for-stm32.9-2020-q2-update.win32_1.5.0.202011040924/tools/bin/../lib/gcc/arm-none-eabi/9.3.1/thumb/v7-m/nofp/crtn.o
 *(.fini)
 .fini          0x0000000008004598        0x4 c:/st/stm32cubeide_1.6.1/stm32cubeide/plugins/com.st.stm32cube.ide.mcu.externaltools.gnu-tools-for-stm32.9-2020-q2-update.win32_1.5.0.202011040924/tools/bin/../lib/gcc/arm-none-eabi/9.3.1/thumb/v7-m/nofp/crti.o
                0x0000000008004598                _fini
 .fini          0x000000000800459c        0x8 c:/st/stm32cubeide_1.6.1/stm32cubeide/plugins/com.st.stm32cube.ide.mcu.externaltools.gnu-tools-for-stm32.9-2020-q2-update.win32_1.5.0.202011040924/tools/bin/../lib/gcc/arm-none-eabi/9.3.1/thumb/v7-m/nofp/crtn.o
                0x00000000080045a4                . = ALIGN (0x4)
                0x00000000080045a4                _etext = .

.vfp11_veneer   0x00000000080045a4        0x0
 .vfp11_veneer  0x00000000080045a4        0x0 linker stubs

.v4_bx          0x00000000080045a4        0x0
 .v4_bx         0x00000000080045a4        0x0 linker stubs

.iplt           0x00000000080045a4        0x0
 .iplt          0x00000000080045a4        0x0 c:/st/stm32cubeide_1.6.1/stm32cubeide/plugins/com.st.stm32cube.ide.mcu.externaltools.gnu-tools-for-stm32.9-2020-q2-update.win32_1.5.0.202011040924/tools/bin/../lib/gcc/arm-none-eabi/9.3.1/thumb/v7-m/nofp/crtbegin.o

.rodata         0x00000000080045a4       0x74
                0x00000000080045a4                . = ALIGN (0x4)
 *(.rodata)
 *(.rodata*)
 .rodata.AHBPrescTable
                0x00000000080045a4       0x10 Core/Src/system_stm32f1xx.o
                0x00000000080045a4                AHBPrescTable
 .rodata.APBPrescTable
                0x00000000080045b4        0x8 Core/Src/system_stm32f1xx.o
                0x00000000080045b4                APBPrescTable
 .rodata.HAL_RCC_GetSysClockFreq.str1.4
                0x00000000080045bc       0x11 Drivers/STM32F1xx_HAL_Driver/Src/stm32f1xx_hal_rcc.o
 *fill*         0x00000000080045cd        0x3 
 .rodata.USBD_FS_ProductStrDescriptor.str1.4
                0x00000000080045d0       0x16 USB_DEVICE/App/usbd_desc.o
 *fill*         0x00000000080045e6        0x2 
 .rodata.USBD_FS_ManufacturerStrDescriptor.str1.4
                0x00000000080045e8       0x13 USB_DEVICE/App/usbd_desc.o
 *fill*         0x00000000080045fb        0x1 
 .rodata.USBD_FS_ConfigStrDescriptor.str1.4
                0x00000000080045fc        0xb USB_DEVICE/App/usbd_desc.o
 *fill*         0x0000000008004607        0x1 
 .rodata.USBD_FS_InterfaceStrDescriptor.str1.4
                0x0000000008004608        0xe USB_DEVICE/App/usbd_desc.o
                0x0000000008004618                . = ALIGN (0x4)
 *fill*         0x0000000008004616        0x2 

.rel.dyn        0x0000000008004618        0x0
 .rel.iplt      0x0000000008004618        0x0 c:/st/stm32cubeide_1.6.1/stm32cubeide/plugins/com.st.stm32cube.ide.mcu.externaltools.gnu-tools-for-stm32.9-2020-q2-update.win32_1.5.0.202011040924/tools/bin/../lib/gcc/arm-none-eabi/9.3.1/thumb/v7-m/nofp/crtbegin.o

.ARM.extab      0x0000000008004618        0x0
                0x0000000008004618                . = ALIGN (0x4)
 *(.ARM.extab* .gnu.linkonce.armextab.*)
                0x0000000008004618                . = ALIGN (0x4)

.ARM            0x0000000008004618        0x0
                0x0000000008004618                . = ALIGN (0x4)
                0x0000000008004618                __exidx_start = .
 *(.ARM.exidx*)
                0x0000000008004618                __exidx_end = .
                0x0000000008004618                . = ALIGN (0x4)

.preinit_array  0x0000000008004618        0x0
                0x0000000008004618                . = ALIGN (0x4)
                0x0000000008004618                PROVIDE (__preinit_array_start = .)
 *(.preinit_array*)
                0x0000000008004618                PROVIDE (__preinit_array_end = .)
                0x0000000008004618                . = ALIGN (0x4)

.init_array     0x0000000008004618        0x4
                0x0000000008004618                . = ALIGN (0x4)
                0x0000000008004618                PROVIDE (__init_array_start = .)
 *(SORT_BY_NAME(.init_array.*))
 *(.init_array*)
 .init_array    0x0000000008004618        0x4 c:/st/stm32cubeide_1.6.1/stm32cubeide/plugins/com.st.stm32cube.ide.mcu.externaltools.gnu-tools-for-stm32.9-2020-q2-update.win32_1.5.0.202011040924/tools/bin/../lib/gcc/arm-none-eabi/9.3.1/thumb/v7-m/nofp/crtbegin.o
                0x000000000800461c                PROVIDE (__init_array_end = .)
                0x000000000800461c                . = ALIGN (0x4)

.fini_array     0x000000000800461c        0x4
                0x000000000800461c                . = ALIGN (0x4)
                [!provide]                        PROVIDE (__fini_array_start = .)
 *(SORT_BY_NAME(.fini_array.*))
 *(.fini_array*)
 .fini_array    0x000000000800461c        0x4 c:/st/stm32cubeide_1.6.1/stm32cubeide/plugins/com.st.stm32cube.ide.mcu.externaltools.gnu-tools-for-stm32.9-2020-q2-update.win32_1.5.0.202011040924/tools/bin/../lib/gcc/arm-none-eabi/9.3.1/thumb/v7-m/nofp/crtbegin.o
                [!provide]                        PROVIDE (__fini_array_end = .)
                0x0000000008004620                . = ALIGN (0x4)
                0x0000000008004620                _sidata = LOADADDR (.data)

.data           0x0000000020000000      0x17c load address 0x0000000008004620
                0x0000000020000000                . = ALIGN (0x4)
                0x0000000020000000                _sdata = .
 *(.data)
 *(.data*)
 .data.SystemCoreClock
                0x0000000020000000        0x4 Core/Src/system_stm32f1xx.o
                0x0000000020000000                SystemCoreClock
 .data.uwTickFreq
                0x0000000020000004        0x1 Drivers/STM32F1xx_HAL_Driver/Src/stm32f1xx_hal.o
                0x0000000020000004                uwTickFreq
 *fill*         0x0000000020000005        0x3 
 .data.uwTickPrio
                0x0000000020000008        0x4 Drivers/STM32F1xx_HAL_Driver/Src/stm32f1xx_hal.o
                0x0000000020000008                uwTickPrio
 .data.USBD_CDC
                0x000000002000000c       0x38 Middlewares/ST/STM32_USB_Device_Library/Class/CDC/Src/usbd_cdc.o
                0x000000002000000c                USBD_CDC
 .data.USBD_CDC_CfgFSDesc
                0x0000000020000044       0x43 Middlewares/ST/STM32_USB_Device_Library/Class/CDC/Src/usbd_cdc.o
                0x0000000020000044                USBD_CDC_CfgFSDesc
 *fill*         0x0000000020000087        0x1 
 .data.USBD_CDC_CfgHSDesc
                0x0000000020000088       0x43 Middlewares/ST/STM32_USB_Device_Library/Class/CDC/Src/usbd_cdc.o
                0x0000000020000088                USBD_CDC_CfgHSDesc
 *fill*         0x00000000200000cb        0x1 
 .data.USBD_CDC_DeviceQualifierDesc
                0x00000000200000cc        0xa Middlewares/ST/STM32_USB_Device_Library/Class/CDC/Src/usbd_cdc.o
 *fill*         0x00000000200000d6        0x2 
 .data.USBD_CDC_OtherSpeedCfgDesc
                0x00000000200000d8       0x43 Middlewares/ST/STM32_USB_Device_Library/Class/CDC/Src/usbd_cdc.o
                0x00000000200000d8                USBD_CDC_OtherSpeedCfgDesc
 *fill*         0x000000002000011b        0x1 
 .data.USBD_Interface_fops_FS
                0x000000002000011c       0x10 USB_DEVICE/App/usbd_cdc_if.o
                0x000000002000011c                USBD_Interface_fops_FS
 .data.FS_Desc  0x000000002000012c       0x1c USB_DEVICE/App/usbd_desc.o
                0x000000002000012c                FS_Desc
 .data.USBD_FS_DeviceDesc
                0x0000000020000148       0x12 USB_DEVICE/App/usbd_desc.o
                0x0000000020000148                USBD_FS_DeviceDesc
 *fill*         0x000000002000015a        0x2 
 .data.USBD_LangIDDesc
                0x000000002000015c        0x4 USB_DEVICE/App/usbd_desc.o
                0x000000002000015c                USBD_LangIDDesc
 .data.USBD_StringSerial
                0x0000000020000160       0x1a USB_DEVICE/App/usbd_desc.o
                0x0000000020000160                USBD_StringSerial
                0x000000002000017c                . = ALIGN (0x4)
 *fill*         0x000000002000017a        0x2 
                0x000000002000017c                _edata = .

.igot.plt       0x000000002000017c        0x0 load address 0x000000000800479c
 .igot.plt      0x000000002000017c        0x0 c:/st/stm32cubeide_1.6.1/stm32cubeide/plugins/com.st.stm32cube.ide.mcu.externaltools.gnu-tools-for-stm32.9-2020-q2-update.win32_1.5.0.202011040924/tools/bin/../lib/gcc/arm-none-eabi/9.3.1/thumb/v7-m/nofp/crtbegin.o
                0x000000002000017c                . = ALIGN (0x4)

.bss            0x000000002000017c     0x1de8 load address 0x000000000800479c
                0x000000002000017c                _sbss = .
                0x000000002000017c                __bss_start__ = _sbss
 *(.bss)
 .bss           0x000000002000017c       0x1c c:/st/stm32cubeide_1.6.1/stm32cubeide/plugins/com.st.stm32cube.ide.mcu.externaltools.gnu-tools-for-stm32.9-2020-q2-update.win32_1.5.0.202011040924/tools/bin/../lib/gcc/arm-none-eabi/9.3.1/thumb/v7-m/nofp/crtbegin.o
 *(.bss*)
 .bss.buffer    0x0000000020000198       0x40 Core/Src/main.o
                0x0000000020000198                buffer
 .bss.dataInBuffer
                0x00000000200001d8        0x4 Core/Src/main.o
                0x00000000200001d8                dataInBuffer
 .bss.cfgidx.8358
                0x00000000200001dc        0x1 Middlewares/ST/STM32_USB_Device_Library/Core/Src/usbd_ctlreq.o
 *fill*         0x00000000200001dd        0x3 
 .bss.mem.8423  0x00000000200001e0      0x220 USB_DEVICE/Target/usbd_conf.o
 *(COMMON)
 COMMON         0x0000000020000400      0xbe0 Core/Src/main.o
                0x0000000020000400                hdma_tim2_ch1
                0x0000000020000444                hdma_tim2_up
                0x0000000020000488                hdma_tim2_ch2_ch4
                0x00000000200004cc                huart1
                0x000000002000050c                htim2
                0x0000000020000554                channel_framebuffers
 COMMON         0x0000000020000fe0        0x4 Drivers/STM32F1xx_HAL_Driver/Src/stm32f1xx_hal.o
                0x0000000020000fe0                uwTick
 COMMON         0x0000000020000fe4      0x2c4 USB_DEVICE/App/usb_device.o
                0x0000000020000fe4                hUsbDeviceFS
 COMMON         0x00000000200012a8      0x7d0 USB_DEVICE/App/usbd_cdc_if.o
                0x00000000200012a8                UserRxBufferFS
                0x0000000020001690                UserTxBufferFS
 COMMON         0x0000000020001a78      0x200 USB_DEVICE/App/usbd_desc.o
                0x0000000020001a78                USBD_StrDesc
 COMMON         0x0000000020001c78      0x2ec USB_DEVICE/Target/usbd_conf.o
                0x0000000020001c78                hpcd_USB_FS
                0x0000000020001f64                . = ALIGN (0x4)
                0x0000000020001f64                _ebss = .
                0x0000000020001f64                __bss_end__ = _ebss

._user_heap_stack
                0x0000000020001f64      0xc04 load address 0x000000000800479c
                0x0000000020001f68                . = ALIGN (0x8)
 *fill*         0x0000000020001f64        0x4 
                0x0000000020001f68                PROVIDE (end = .)
                [!provide]                        PROVIDE (_end = .)
                0x0000000020002368                . = (. + _Min_Heap_Size)
 *fill*         0x0000000020001f68      0x400 
                0x0000000020002b68                . = (. + _Min_Stack_Size)
 *fill*         0x0000000020002368      0x800 
                0x0000000020002b68                . = ALIGN (0x8)

/DISCARD/
 libc.a(*)
 libm.a(*)
 libgcc.a(*)

.ARM.attributes
                0x0000000000000000       0x29
 *(.ARM.attributes)
 .ARM.attributes
                0x0000000000000000       0x1d c:/st/stm32cubeide_1.6.1/stm32cubeide/plugins/com.st.stm32cube.ide.mcu.externaltools.gnu-tools-for-stm32.9-2020-q2-update.win32_1.5.0.202011040924/tools/bin/../lib/gcc/arm-none-eabi/9.3.1/thumb/v7-m/nofp/crti.o
 .ARM.attributes
                0x000000000000001d       0x2d c:/st/stm32cubeide_1.6.1/stm32cubeide/plugins/com.st.stm32cube.ide.mcu.externaltools.gnu-tools-for-stm32.9-2020-q2-update.win32_1.5.0.202011040924/tools/bin/../lib/gcc/arm-none-eabi/9.3.1/thumb/v7-m/nofp/crtbegin.o
 .ARM.attributes
                0x000000000000004a       0x2d Core/Src/main.o
 .ARM.attributes
                0x0000000000000077       0x2d Core/Src/stm32f1xx_hal_msp.o
 .ARM.attributes
                0x00000000000000a4       0x2d Core/Src/stm32f1xx_it.o
 .ARM.attributes
                0x00000000000000d1       0x2d Core/Src/system_stm32f1xx.o
 .ARM.attributes
                0x00000000000000fe       0x21 Core/Startup/startup_stm32f103c8tx.o
 .ARM.attributes
                0x000000000000011f       0x2d Drivers/STM32F1xx_HAL_Driver/Src/stm32f1xx_hal.o
 .ARM.attributes
                0x000000000000014c       0x2d Drivers/STM32F1xx_HAL_Driver/Src/stm32f1xx_hal_cortex.o
 .ARM.attributes
                0x0000000000000179       0x2d Drivers/STM32F1xx_HAL_Driver/Src/stm32f1xx_hal_dma.o
 .ARM.attributes
                0x00000000000001a6       0x2d Drivers/STM32F1xx_HAL_Driver/Src/stm32f1xx_hal_gpio.o
 .ARM.attributes
                0x00000000000001d3       0x2d Drivers/STM32F1xx_HAL_Driver/Src/stm32f1xx_hal_pcd.o
 .ARM.attributes
                0x0000000000000200       0x2d Drivers/STM32F1xx_HAL_Driver/Src/stm32f1xx_hal_pcd_ex.o
 .ARM.attributes
                0x000000000000022d       0x2d Drivers/STM32F1xx_HAL_Driver/Src/stm32f1xx_hal_rcc.o
 .ARM.attributes
                0x000000000000025a       0x2d Drivers/STM32F1xx_HAL_Driver/Src/stm32f1xx_hal_rcc_ex.o
 .ARM.attributes
                0x0000000000000287       0x2d Drivers/STM32F1xx_HAL_Driver/Src/stm32f1xx_hal_tim.o
 .ARM.attributes
                0x00000000000002b4       0x2d Drivers/STM32F1xx_HAL_Driver/Src/stm32f1xx_hal_tim_ex.o
 .ARM.attributes
                0x00000000000002e1       0x2d Drivers/STM32F1xx_HAL_Driver/Src/stm32f1xx_hal_uart.o
 .ARM.attributes
                0x000000000000030e       0x2d Drivers/STM32F1xx_HAL_Driver/Src/stm32f1xx_ll_usb.o
 .ARM.attributes
                0x000000000000033b       0x2d Middlewares/ST/STM32_USB_Device_Library/Class/CDC/Src/usbd_cdc.o
 .ARM.attributes
                0x0000000000000368       0x2d Middlewares/ST/STM32_USB_Device_Library/Core/Src/usbd_core.o
 .ARM.attributes
                0x0000000000000395       0x2d Middlewares/ST/STM32_USB_Device_Library/Core/Src/usbd_ctlreq.o
 .ARM.attributes
                0x00000000000003c2       0x2d Middlewares/ST/STM32_USB_Device_Library/Core/Src/usbd_ioreq.o
 .ARM.attributes
                0x00000000000003ef       0x2d USB_DEVICE/App/usb_device.o
 .ARM.attributes
                0x000000000000041c       0x2d USB_DEVICE/App/usbd_cdc_if.o
 .ARM.attributes
                0x0000000000000449       0x2d USB_DEVICE/App/usbd_desc.o
 .ARM.attributes
                0x0000000000000476       0x2d USB_DEVICE/Target/usbd_conf.o
 .ARM.attributes
                0x00000000000004a3       0x2d c:/st/stm32cubeide_1.6.1/stm32cubeide/plugins/com.st.stm32cube.ide.mcu.externaltools.gnu-tools-for-stm32.9-2020-q2-update.win32_1.5.0.202011040924/tools/bin/../lib/gcc/arm-none-eabi/9.3.1/../../../../arm-none-eabi/lib/thumb/v7-m/nofp\libc_nano.a(lib_a-init.o)
 .ARM.attributes
                0x00000000000004d0       0x2d c:/st/stm32cubeide_1.6.1/stm32cubeide/plugins/com.st.stm32cube.ide.mcu.externaltools.gnu-tools-for-stm32.9-2020-q2-update.win32_1.5.0.202011040924/tools/bin/../lib/gcc/arm-none-eabi/9.3.1/../../../../arm-none-eabi/lib/thumb/v7-m/nofp\libc_nano.a(lib_a-memcpy-stub.o)
 .ARM.attributes
                0x00000000000004fd       0x2d c:/st/stm32cubeide_1.6.1/stm32cubeide/plugins/com.st.stm32cube.ide.mcu.externaltools.gnu-tools-for-stm32.9-2020-q2-update.win32_1.5.0.202011040924/tools/bin/../lib/gcc/arm-none-eabi/9.3.1/../../../../arm-none-eabi/lib/thumb/v7-m/nofp\libc_nano.a(lib_a-memset.o)
 .ARM.attributes
                0x000000000000052a       0x1d c:/st/stm32cubeide_1.6.1/stm32cubeide/plugins/com.st.stm32cube.ide.mcu.externaltools.gnu-tools-for-stm32.9-2020-q2-update.win32_1.5.0.202011040924/tools/bin/../lib/gcc/arm-none-eabi/9.3.1/thumb/v7-m/nofp/crtn.o
OUTPUT(stm32_Fast_LED.elf elf32-littlearm)
LOAD linker stubs
LOAD c:/st/stm32cubeide_1.6.1/stm32cubeide/plugins/com.st.stm32cube.ide.mcu.externaltools.gnu-tools-for-stm32.9-2020-q2-update.win32_1.5.0.202011040924/tools/bin/../lib/gcc/arm-none-eabi/9.3.1/../../../../arm-none-eabi/lib/thumb/v7-m/nofp\libc.a
LOAD c:/st/stm32cubeide_1.6.1/stm32cubeide/plugins/com.st.stm32cube.ide.mcu.externaltools.gnu-tools-for-stm32.9-2020-q2-update.win32_1.5.0.202011040924/tools/bin/../lib/gcc/arm-none-eabi/9.3.1/../../../../arm-none-eabi/lib/thumb/v7-m/nofp\libm.a
LOAD c:/st/stm32cubeide_1.6.1/stm32cubeide/plugins/com.st.stm32cube.ide.mcu.externaltools.gnu-tools-for-stm32.9-2020-q2-update.win32_1.5.0.202011040924/tools/bin/../lib/gcc/arm-none-eabi/9.3.1/thumb/v7-m/nofp\libgcc.a

.debug_info     0x0000000000000000    0x1db1a
 .debug_info    0x0000000000000000     0x1f98 Core/Src/main.o
 .debug_info    0x0000000000001f98      0xdba Core/Src/stm32f1xx_hal_msp.o
 .debug_info    0x0000000000002d52      0x9d9 Core/Src/stm32f1xx_it.o
 .debug_info    0x000000000000372b      0x2cd Core/Src/system_stm32f1xx.o
 .debug_info    0x00000000000039f8       0x22 Core/Startup/startup_stm32f103c8tx.o
 .debug_info    0x0000000000003a1a      0x835 Drivers/STM32F1xx_HAL_Driver/Src/stm32f1xx_hal.o
 .debug_info    0x000000000000424f      0xe46 Drivers/STM32F1xx_HAL_Driver/Src/stm32f1xx_hal_cortex.o
 .debug_info    0x0000000000005095      0x981 Drivers/STM32F1xx_HAL_Driver/Src/stm32f1xx_hal_dma.o
 .debug_info    0x0000000000005a16      0x761 Drivers/STM32F1xx_HAL_Driver/Src/stm32f1xx_hal_gpio.o
 .debug_info    0x0000000000006177     0x1b5f Drivers/STM32F1xx_HAL_Driver/Src/stm32f1xx_hal_pcd.o
 .debug_info    0x0000000000007cd6      0x80d Drivers/STM32F1xx_HAL_Driver/Src/stm32f1xx_hal_pcd_ex.o
 .debug_info    0x00000000000084e3      0xae1 Drivers/STM32F1xx_HAL_Driver/Src/stm32f1xx_hal_rcc.o
 .debug_info    0x0000000000008fc4      0x501 Drivers/STM32F1xx_HAL_Driver/Src/stm32f1xx_hal_rcc_ex.o
 .debug_info    0x00000000000094c5     0x3f06 Drivers/STM32F1xx_HAL_Driver/Src/stm32f1xx_hal_tim.o
 .debug_info    0x000000000000d3cb     0x1a9b Drivers/STM32F1xx_HAL_Driver/Src/stm32f1xx_hal_tim_ex.o
 .debug_info    0x000000000000ee66     0x1946 Drivers/STM32F1xx_HAL_Driver/Src/stm32f1xx_hal_uart.o
 .debug_info    0x00000000000107ac     0x1bfc Drivers/STM32F1xx_HAL_Driver/Src/stm32f1xx_ll_usb.o
 .debug_info    0x00000000000123a8     0x1d22 Middlewares/ST/STM32_USB_Device_Library/Class/CDC/Src/usbd_cdc.o
 .debug_info    0x00000000000140ca     0x16f6 Middlewares/ST/STM32_USB_Device_Library/Core/Src/usbd_core.o
 .debug_info    0x00000000000157c0     0x1ab6 Middlewares/ST/STM32_USB_Device_Library/Core/Src/usbd_ctlreq.o
 .debug_info    0x0000000000017276     0x116b Middlewares/ST/STM32_USB_Device_Library/Core/Src/usbd_ioreq.o
 .debug_info    0x00000000000183e1     0x1031 USB_DEVICE/App/usb_device.o
 .debug_info    0x0000000000019412     0x12db USB_DEVICE/App/usbd_cdc_if.o
 .debug_info    0x000000000001a6ed      0xf2b USB_DEVICE/App/usbd_desc.o
 .debug_info    0x000000000001b618     0x2502 USB_DEVICE/Target/usbd_conf.o

.debug_abbrev   0x0000000000000000     0x3f0c
 .debug_abbrev  0x0000000000000000      0x399 Core/Src/main.o
 .debug_abbrev  0x0000000000000399      0x211 Core/Src/stm32f1xx_hal_msp.o
 .debug_abbrev  0x00000000000005aa      0x1b4 Core/Src/stm32f1xx_it.o
 .debug_abbrev  0x000000000000075e      0x154 Core/Src/system_stm32f1xx.o
 .debug_abbrev  0x00000000000008b2       0x12 Core/Startup/startup_stm32f103c8tx.o
 .debug_abbrev  0x00000000000008c4      0x21c Drivers/STM32F1xx_HAL_Driver/Src/stm32f1xx_hal.o
 .debug_abbrev  0x0000000000000ae0      0x351 Drivers/STM32F1xx_HAL_Driver/Src/stm32f1xx_hal_cortex.o
 .debug_abbrev  0x0000000000000e31      0x282 Drivers/STM32F1xx_HAL_Driver/Src/stm32f1xx_hal_dma.o
 .debug_abbrev  0x00000000000010b3      0x214 Drivers/STM32F1xx_HAL_Driver/Src/stm32f1xx_hal_gpio.o
 .debug_abbrev  0x00000000000012c7      0x34e Drivers/STM32F1xx_HAL_Driver/Src/stm32f1xx_hal_pcd.o
 .debug_abbrev  0x0000000000001615      0x1c3 Drivers/STM32F1xx_HAL_Driver/Src/stm32f1xx_hal_pcd_ex.o
 .debug_abbrev  0x00000000000017d8      0x2e6 Drivers/STM32F1xx_HAL_Driver/Src/stm32f1xx_hal_rcc.o
 .debug_abbrev  0x0000000000001abe      0x1fb Drivers/STM32F1xx_HAL_Driver/Src/stm32f1xx_hal_rcc_ex.o
 .debug_abbrev  0x0000000000001cb9      0x2ec Drivers/STM32F1xx_HAL_Driver/Src/stm32f1xx_hal_tim.o
 .debug_abbrev  0x0000000000001fa5      0x271 Drivers/STM32F1xx_HAL_Driver/Src/stm32f1xx_hal_tim_ex.o
 .debug_abbrev  0x0000000000002216      0x30c Drivers/STM32F1xx_HAL_Driver/Src/stm32f1xx_hal_uart.o
 .debug_abbrev  0x0000000000002522      0x254 Drivers/STM32F1xx_HAL_Driver/Src/stm32f1xx_ll_usb.o
 .debug_abbrev  0x0000000000002776      0x353 Middlewares/ST/STM32_USB_Device_Library/Class/CDC/Src/usbd_cdc.o
 .debug_abbrev  0x0000000000002ac9      0x2ed Middlewares/ST/STM32_USB_Device_Library/Core/Src/usbd_core.o
 .debug_abbrev  0x0000000000002db6      0x3b3 Middlewares/ST/STM32_USB_Device_Library/Core/Src/usbd_ctlreq.o
 .debug_abbrev  0x0000000000003169      0x21e Middlewares/ST/STM32_USB_Device_Library/Core/Src/usbd_ioreq.o
 .debug_abbrev  0x0000000000003387      0x21d USB_DEVICE/App/usb_device.o
 .debug_abbrev  0x00000000000035a4      0x30a USB_DEVICE/App/usbd_cdc_if.o
 .debug_abbrev  0x00000000000038ae      0x313 USB_DEVICE/App/usbd_desc.o
 .debug_abbrev  0x0000000000003bc1      0x34b USB_DEVICE/Target/usbd_conf.o

.debug_loc      0x0000000000000000    0x11779
 .debug_loc     0x0000000000000000      0x14d Core/Src/main.o
 .debug_loc     0x000000000000014d       0xed Core/Src/stm32f1xx_hal_msp.o
 .debug_loc     0x000000000000023a      0x103 Core/Src/system_stm32f1xx.o
 .debug_loc     0x000000000000033d      0x141 Drivers/STM32F1xx_HAL_Driver/Src/stm32f1xx_hal.o
 .debug_loc     0x000000000000047e      0x60b Drivers/STM32F1xx_HAL_Driver/Src/stm32f1xx_hal_cortex.o
 .debug_loc     0x0000000000000a89      0x9c2 Drivers/STM32F1xx_HAL_Driver/Src/stm32f1xx_hal_dma.o
 .debug_loc     0x000000000000144b      0x3e2 Drivers/STM32F1xx_HAL_Driver/Src/stm32f1xx_hal_gpio.o
 .debug_loc     0x000000000000182d     0x13fb Drivers/STM32F1xx_HAL_Driver/Src/stm32f1xx_hal_pcd.o
 .debug_loc     0x0000000000002c28      0x11a Drivers/STM32F1xx_HAL_Driver/Src/stm32f1xx_hal_pcd_ex.o
 .debug_loc     0x0000000000002d42      0x636 Drivers/STM32F1xx_HAL_Driver/Src/stm32f1xx_hal_rcc.o
 .debug_loc     0x0000000000003378      0x393 Drivers/STM32F1xx_HAL_Driver/Src/stm32f1xx_hal_rcc_ex.o
 .debug_loc     0x000000000000370b     0x503d Drivers/STM32F1xx_HAL_Driver/Src/stm32f1xx_hal_tim.o
 .debug_loc     0x0000000000008748     0x1b3b Drivers/STM32F1xx_HAL_Driver/Src/stm32f1xx_hal_tim_ex.o
 .debug_loc     0x000000000000a283     0x1976 Drivers/STM32F1xx_HAL_Driver/Src/stm32f1xx_hal_uart.o
 .debug_loc     0x000000000000bbf9     0x1f45 Drivers/STM32F1xx_HAL_Driver/Src/stm32f1xx_ll_usb.o
 .debug_loc     0x000000000000db3e      0x92b Middlewares/ST/STM32_USB_Device_Library/Class/CDC/Src/usbd_cdc.o
 .debug_loc     0x000000000000e469      0x95d Middlewares/ST/STM32_USB_Device_Library/Core/Src/usbd_core.o
 .debug_loc     0x000000000000edc6     0x176e Middlewares/ST/STM32_USB_Device_Library/Core/Src/usbd_ctlreq.o
 .debug_loc     0x0000000000010534      0x284 Middlewares/ST/STM32_USB_Device_Library/Core/Src/usbd_ioreq.o
 .debug_loc     0x00000000000107b8      0x174 USB_DEVICE/App/usbd_cdc_if.o
 .debug_loc     0x000000000001092c      0x344 USB_DEVICE/App/usbd_desc.o
 .debug_loc     0x0000000000010c70      0xb09 USB_DEVICE/Target/usbd_conf.o

.debug_aranges  0x0000000000000000     0x10f8
 .debug_aranges
                0x0000000000000000       0x38 Core/Src/main.o
 .debug_aranges
                0x0000000000000038       0x40 Core/Src/stm32f1xx_hal_msp.o
 .debug_aranges
                0x0000000000000078       0x80 Core/Src/stm32f1xx_it.o
 .debug_aranges
                0x00000000000000f8       0x28 Core/Src/system_stm32f1xx.o
 .debug_aranges
                0x0000000000000120       0x28 Core/Startup/startup_stm32f103c8tx.o
 .debug_aranges
                0x0000000000000148       0xe0 Drivers/STM32F1xx_HAL_Driver/Src/stm32f1xx_hal.o
 .debug_aranges
                0x0000000000000228       0x90 Drivers/STM32F1xx_HAL_Driver/Src/stm32f1xx_hal_cortex.o
 .debug_aranges
                0x00000000000002b8       0x78 Drivers/STM32F1xx_HAL_Driver/Src/stm32f1xx_hal_dma.o
 .debug_aranges
                0x0000000000000330       0x58 Drivers/STM32F1xx_HAL_Driver/Src/stm32f1xx_hal_gpio.o
 .debug_aranges
                0x0000000000000388      0x120 Drivers/STM32F1xx_HAL_Driver/Src/stm32f1xx_hal_pcd.o
 .debug_aranges
                0x00000000000004a8       0x38 Drivers/STM32F1xx_HAL_Driver/Src/stm32f1xx_hal_pcd_ex.o
 .debug_aranges
                0x00000000000004e0       0x88 Drivers/STM32F1xx_HAL_Driver/Src/stm32f1xx_hal_rcc.o
 .debug_aranges
                0x0000000000000568       0x30 Drivers/STM32F1xx_HAL_Driver/Src/stm32f1xx_hal_rcc_ex.o
 .debug_aranges
                0x0000000000000598      0x3a0 Drivers/STM32F1xx_HAL_Driver/Src/stm32f1xx_hal_tim.o
 .debug_aranges
                0x0000000000000938      0x168 Drivers/STM32F1xx_HAL_Driver/Src/stm32f1xx_hal_tim_ex.o
 .debug_aranges
                0x0000000000000aa0      0x1b8 Drivers/STM32F1xx_HAL_Driver/Src/stm32f1xx_hal_uart.o
 .debug_aranges
                0x0000000000000c58       0xf0 Drivers/STM32F1xx_HAL_Driver/Src/stm32f1xx_ll_usb.o
 .debug_aranges
                0x0000000000000d48       0x90 Middlewares/ST/STM32_USB_Device_Library/Class/CDC/Src/usbd_cdc.o
 .debug_aranges
                0x0000000000000dd8       0xb8 Middlewares/ST/STM32_USB_Device_Library/Core/Src/usbd_core.o
 .debug_aranges
                0x0000000000000e90       0x48 Middlewares/ST/STM32_USB_Device_Library/Core/Src/usbd_ctlreq.o
 .debug_aranges
                0x0000000000000ed8       0x50 Middlewares/ST/STM32_USB_Device_Library/Core/Src/usbd_ioreq.o
 .debug_aranges
                0x0000000000000f28       0x20 USB_DEVICE/App/usb_device.o
 .debug_aranges
                0x0000000000000f48       0x40 USB_DEVICE/App/usbd_cdc_if.o
 .debug_aranges
                0x0000000000000f88       0x58 USB_DEVICE/App/usbd_desc.o
 .debug_aranges
                0x0000000000000fe0      0x118 USB_DEVICE/Target/usbd_conf.o

.debug_ranges   0x0000000000000000     0x1460
 .debug_ranges  0x0000000000000000       0x88 Core/Src/main.o
 .debug_ranges  0x0000000000000088       0x30 Core/Src/stm32f1xx_hal_msp.o
 .debug_ranges  0x00000000000000b8       0x70 Core/Src/stm32f1xx_it.o
 .debug_ranges  0x0000000000000128       0x18 Core/Src/system_stm32f1xx.o
 .debug_ranges  0x0000000000000140       0x20 Core/Startup/startup_stm32f103c8tx.o
 .debug_ranges  0x0000000000000160       0xd0 Drivers/STM32F1xx_HAL_Driver/Src/stm32f1xx_hal.o
 .debug_ranges  0x0000000000000230       0xb0 Drivers/STM32F1xx_HAL_Driver/Src/stm32f1xx_hal_cortex.o
 .debug_ranges  0x00000000000002e0       0x98 Drivers/STM32F1xx_HAL_Driver/Src/stm32f1xx_hal_dma.o
 .debug_ranges  0x0000000000000378       0x60 Drivers/STM32F1xx_HAL_Driver/Src/stm32f1xx_hal_gpio.o
 .debug_ranges  0x00000000000003d8      0x298 Drivers/STM32F1xx_HAL_Driver/Src/stm32f1xx_hal_pcd.o
 .debug_ranges  0x0000000000000670       0x28 Drivers/STM32F1xx_HAL_Driver/Src/stm32f1xx_hal_pcd_ex.o
 .debug_ranges  0x0000000000000698       0x98 Drivers/STM32F1xx_HAL_Driver/Src/stm32f1xx_hal_rcc.o
 .debug_ranges  0x0000000000000730       0x38 Drivers/STM32F1xx_HAL_Driver/Src/stm32f1xx_hal_rcc_ex.o
 .debug_ranges  0x0000000000000768      0x3c0 Drivers/STM32F1xx_HAL_Driver/Src/stm32f1xx_hal_tim.o
 .debug_ranges  0x0000000000000b28      0x158 Drivers/STM32F1xx_HAL_Driver/Src/stm32f1xx_hal_tim_ex.o
 .debug_ranges  0x0000000000000c80      0x1a8 Drivers/STM32F1xx_HAL_Driver/Src/stm32f1xx_hal_uart.o
 .debug_ranges  0x0000000000000e28      0x2f0 Drivers/STM32F1xx_HAL_Driver/Src/stm32f1xx_ll_usb.o
 .debug_ranges  0x0000000000001118       0x80 Middlewares/ST/STM32_USB_Device_Library/Class/CDC/Src/usbd_cdc.o
 .debug_ranges  0x0000000000001198       0xa8 Middlewares/ST/STM32_USB_Device_Library/Core/Src/usbd_core.o
 .debug_ranges  0x0000000000001240       0x38 Middlewares/ST/STM32_USB_Device_Library/Core/Src/usbd_ctlreq.o
 .debug_ranges  0x0000000000001278       0x40 Middlewares/ST/STM32_USB_Device_Library/Core/Src/usbd_ioreq.o
 .debug_ranges  0x00000000000012b8       0x10 USB_DEVICE/App/usb_device.o
 .debug_ranges  0x00000000000012c8       0x30 USB_DEVICE/App/usbd_cdc_if.o
 .debug_ranges  0x00000000000012f8       0x60 USB_DEVICE/App/usbd_desc.o
 .debug_ranges  0x0000000000001358      0x108 USB_DEVICE/Target/usbd_conf.o

.debug_macro    0x0000000000000000    0x1aa5b
 .debug_macro   0x0000000000000000      0x3c5 Core/Src/main.o
 .debug_macro   0x00000000000003c5      0xa9c Core/Src/main.o
 .debug_macro   0x0000000000000e61      0x227 Core/Src/main.o
 .debug_macro   0x0000000000001088       0x2e Core/Src/main.o
 .debug_macro   0x00000000000010b6       0x22 Core/Src/main.o
 .debug_macro   0x00000000000010d8       0x22 Core/Src/main.o
 .debug_macro   0x00000000000010fa       0x8e Core/Src/main.o
 .debug_macro   0x0000000000001188       0x51 Core/Src/main.o
 .debug_macro   0x00000000000011d9      0x103 Core/Src/main.o
 .debug_macro   0x00000000000012dc       0x6a Core/Src/main.o
 .debug_macro   0x0000000000001346      0x1df Core/Src/main.o
 .debug_macro   0x0000000000001525       0x1c Core/Src/main.o
 .debug_macro   0x0000000000001541       0x22 Core/Src/main.o
 .debug_macro   0x0000000000001563       0xc3 Core/Src/main.o
 .debug_macro   0x0000000000001626      0xd23 Core/Src/main.o
 .debug_macro   0x0000000000002349     0xe097 Core/Src/main.o
 .debug_macro   0x00000000000103e0       0x43 Core/Src/main.o
 .debug_macro   0x0000000000010423     0x3468 Core/Src/main.o
 .debug_macro   0x000000000001388b      0x174 Core/Src/main.o
 .debug_macro   0x00000000000139ff       0x5c Core/Src/main.o
 .debug_macro   0x0000000000013a5b      0x5be Core/Src/main.o
 .debug_macro   0x0000000000014019      0x289 Core/Src/main.o
 .debug_macro   0x00000000000142a2      0x1cb Core/Src/main.o
 .debug_macro   0x000000000001446d      0x114 Core/Src/main.o
 .debug_macro   0x0000000000014581      0x1b2 Core/Src/main.o
 .debug_macro   0x0000000000014733       0x27 Core/Src/main.o
 .debug_macro   0x000000000001475a      0x136 Core/Src/main.o
 .debug_macro   0x0000000000014890      0x1bc Core/Src/main.o
 .debug_macro   0x0000000000014a4c       0x34 Core/Src/main.o
 .debug_macro   0x0000000000014a80       0x3c Core/Src/main.o
 .debug_macro   0x0000000000014abc       0x57 Core/Src/main.o
 .debug_macro   0x0000000000014b13       0x88 Core/Src/main.o
 .debug_macro   0x0000000000014b9b      0x241 Core/Src/main.o
 .debug_macro   0x0000000000014ddc      0x141 Core/Src/main.o
 .debug_macro   0x0000000000014f1d      0x8d1 Core/Src/main.o
 .debug_macro   0x00000000000157ee      0x26b Core/Src/main.o
 .debug_macro   0x0000000000015a59       0x65 Core/Src/main.o
 .debug_macro   0x0000000000015abe      0x249 Core/Src/main.o
 .debug_macro   0x0000000000015d07       0x83 Core/Src/main.o
 .debug_macro   0x0000000000015d8a       0x52 Core/Src/main.o
 .debug_macro   0x0000000000015ddc       0x18 Core/Src/main.o
 .debug_macro   0x0000000000015df4       0x3c Core/Src/main.o
 .debug_macro   0x0000000000015e30       0x34 Core/Src/main.o
 .debug_macro   0x0000000000015e64       0x16 Core/Src/main.o
 .debug_macro   0x0000000000015e7a       0x35 Core/Src/main.o
 .debug_macro   0x0000000000015eaf      0x333 Core/Src/main.o
 .debug_macro   0x00000000000161e2       0x10 Core/Src/main.o
 .debug_macro   0x00000000000161f2       0x16 Core/Src/main.o
 .debug_macro   0x0000000000016208       0x43 Core/Src/main.o
 .debug_macro   0x000000000001624b       0x34 Core/Src/main.o
 .debug_macro   0x000000000001627f       0x10 Core/Src/main.o
 .debug_macro   0x000000000001628f       0x58 Core/Src/main.o
 .debug_macro   0x00000000000162e7       0x71 Core/Src/main.o
 .debug_macro   0x0000000000016358       0x1c Core/Src/main.o
 .debug_macro   0x0000000000016374      0x12a Core/Src/main.o
 .debug_macro   0x000000000001649e       0x10 Core/Src/main.o
 .debug_macro   0x00000000000164ae       0x1c Core/Src/main.o
 .debug_macro   0x00000000000164ca       0x52 Core/Src/main.o
 .debug_macro   0x000000000001651c       0x22 Core/Src/main.o
 .debug_macro   0x000000000001653e       0x10 Core/Src/main.o
 .debug_macro   0x000000000001654e       0x40 Core/Src/main.o
 .debug_macro   0x000000000001658e       0xd5 Core/Src/main.o
 .debug_macro   0x0000000000016663       0x1c Core/Src/main.o
 .debug_macro   0x000000000001667f       0x3d Core/Src/main.o
 .debug_macro   0x00000000000166bc       0x16 Core/Src/main.o
 .debug_macro   0x00000000000166d2      0x145 Core/Src/main.o
 .debug_macro   0x0000000000016817       0x16 Core/Src/main.o
 .debug_macro   0x000000000001682d       0x16 Core/Src/main.o
 .debug_macro   0x0000000000016843       0x29 Core/Src/main.o
 .debug_macro   0x000000000001686c       0x16 Core/Src/main.o
 .debug_macro   0x0000000000016882       0x20 Core/Src/main.o
 .debug_macro   0x00000000000168a2       0x60 Core/Src/main.o
 .debug_macro   0x0000000000016902      0x1c8 Core/Src/main.o
 .debug_macro   0x0000000000016aca       0x88 Core/Src/main.o
 .debug_macro   0x0000000000016b52      0x1d1 Core/Src/stm32f1xx_hal_msp.o
 .debug_macro   0x0000000000016d23      0x1db Core/Src/stm32f1xx_it.o
 .debug_macro   0x0000000000016efe      0x1c7 Core/Src/system_stm32f1xx.o
 .debug_macro   0x00000000000170c5      0x1eb Drivers/STM32F1xx_HAL_Driver/Src/stm32f1xx_hal.o
 .debug_macro   0x00000000000172b0      0x1c7 Drivers/STM32F1xx_HAL_Driver/Src/stm32f1xx_hal_cortex.o
 .debug_macro   0x0000000000017477      0x1c7 Drivers/STM32F1xx_HAL_Driver/Src/stm32f1xx_hal_dma.o
 .debug_macro   0x000000000001763e      0x232 Drivers/STM32F1xx_HAL_Driver/Src/stm32f1xx_hal_gpio.o
 .debug_macro   0x0000000000017870      0x1d3 Drivers/STM32F1xx_HAL_Driver/Src/stm32f1xx_hal_pcd.o
 .debug_macro   0x0000000000017a43      0x1c7 Drivers/STM32F1xx_HAL_Driver/Src/stm32f1xx_hal_pcd_ex.o
 .debug_macro   0x0000000000017c0a      0x1d9 Drivers/STM32F1xx_HAL_Driver/Src/stm32f1xx_hal_rcc.o
 .debug_macro   0x0000000000017de3      0x1c7 Drivers/STM32F1xx_HAL_Driver/Src/stm32f1xx_hal_rcc_ex.o
 .debug_macro   0x0000000000017faa      0x1c8 Drivers/STM32F1xx_HAL_Driver/Src/stm32f1xx_hal_tim.o
 .debug_macro   0x0000000000018172      0x1c7 Drivers/STM32F1xx_HAL_Driver/Src/stm32f1xx_hal_tim_ex.o
 .debug_macro   0x0000000000018339      0x1c8 Drivers/STM32F1xx_HAL_Driver/Src/stm32f1xx_hal_uart.o
 .debug_macro   0x0000000000018501      0x1c7 Drivers/STM32F1xx_HAL_Driver/Src/stm32f1xx_ll_usb.o
 .debug_macro   0x00000000000186c8      0x3e7 Middlewares/ST/STM32_USB_Device_Library/Class/CDC/Src/usbd_cdc.o
 .debug_macro   0x0000000000018aaf       0x97 Middlewares/ST/STM32_USB_Device_Library/Class/CDC/Src/usbd_cdc.o
 .debug_macro   0x0000000000018b46       0xfd Middlewares/ST/STM32_USB_Device_Library/Class/CDC/Src/usbd_cdc.o
 .debug_macro   0x0000000000018c43       0x8f Middlewares/ST/STM32_USB_Device_Library/Class/CDC/Src/usbd_cdc.o
 .debug_macro   0x0000000000018cd2      0x3ce Middlewares/ST/STM32_USB_Device_Library/Core/Src/usbd_core.o
 .debug_macro   0x00000000000190a0      0x1ce Middlewares/ST/STM32_USB_Device_Library/Core/Src/usbd_core.o
 .debug_macro   0x000000000001926e      0x3d8 Middlewares/ST/STM32_USB_Device_Library/Core/Src/usbd_ctlreq.o
 .debug_macro   0x0000000000019646      0x3d4 Middlewares/ST/STM32_USB_Device_Library/Core/Src/usbd_ioreq.o
 .debug_macro   0x0000000000019a1a      0x40e USB_DEVICE/App/usb_device.o
 .debug_macro   0x0000000000019e28       0x22 USB_DEVICE/App/usb_device.o
 .debug_macro   0x0000000000019e4a      0x3f9 USB_DEVICE/App/usbd_cdc_if.o
 .debug_macro   0x000000000001a243      0x40b USB_DEVICE/App/usbd_desc.o
 .debug_macro   0x000000000001a64e       0x1c USB_DEVICE/App/usbd_desc.o
 .debug_macro   0x000000000001a66a      0x3f1 USB_DEVICE/Target/usbd_conf.o

.debug_line     0x0000000000000000    0x1a22a
 .debug_line    0x0000000000000000      0xd5b Core/Src/main.o
 .debug_line    0x0000000000000d5b      0x8c8 Core/Src/stm32f1xx_hal_msp.o
 .debug_line    0x0000000000001623      0x815 Core/Src/stm32f1xx_it.o
 .debug_line    0x0000000000001e38      0x76f Core/Src/system_stm32f1xx.o
 .debug_line    0x00000000000025a7       0x84 Core/Startup/startup_stm32f103c8tx.o
 .debug_line    0x000000000000262b      0x9dd Drivers/STM32F1xx_HAL_Driver/Src/stm32f1xx_hal.o
 .debug_line    0x0000000000003008      0xb45 Drivers/STM32F1xx_HAL_Driver/Src/stm32f1xx_hal_cortex.o
 .debug_line    0x0000000000003b4d      0xf6d Drivers/STM32F1xx_HAL_Driver/Src/stm32f1xx_hal_dma.o
 .debug_line    0x0000000000004aba      0xae7 Drivers/STM32F1xx_HAL_Driver/Src/stm32f1xx_hal_gpio.o
 .debug_line    0x00000000000055a1     0x17ca Drivers/STM32F1xx_HAL_Driver/Src/stm32f1xx_hal_pcd.o
 .debug_line    0x0000000000006d6b      0x77c Drivers/STM32F1xx_HAL_Driver/Src/stm32f1xx_hal_pcd_ex.o
 .debug_line    0x00000000000074e7     0x10a9 Drivers/STM32F1xx_HAL_Driver/Src/stm32f1xx_hal_rcc.o
 .debug_line    0x0000000000008590      0x96b Drivers/STM32F1xx_HAL_Driver/Src/stm32f1xx_hal_rcc_ex.o
 .debug_line    0x0000000000008efb     0x4c5b Drivers/STM32F1xx_HAL_Driver/Src/stm32f1xx_hal_tim.o
 .debug_line    0x000000000000db56     0x21b8 Drivers/STM32F1xx_HAL_Driver/Src/stm32f1xx_hal_tim_ex.o
 .debug_line    0x000000000000fd0e     0x1fee Drivers/STM32F1xx_HAL_Driver/Src/stm32f1xx_hal_uart.o
 .debug_line    0x0000000000011cfc     0x1d2e Drivers/STM32F1xx_HAL_Driver/Src/stm32f1xx_ll_usb.o
 .debug_line    0x0000000000013a2a      0xebe Middlewares/ST/STM32_USB_Device_Library/Class/CDC/Src/usbd_cdc.o
 .debug_line    0x00000000000148e8      0xec0 Middlewares/ST/STM32_USB_Device_Library/Core/Src/usbd_core.o
 .debug_line    0x00000000000157a8     0x10f4 Middlewares/ST/STM32_USB_Device_Library/Core/Src/usbd_ctlreq.o
 .debug_line    0x000000000001689c      0xab6 Middlewares/ST/STM32_USB_Device_Library/Core/Src/usbd_ioreq.o
 .debug_line    0x0000000000017352      0xa3b USB_DEVICE/App/usb_device.o
 .debug_line    0x0000000000017d8d      0xaad USB_DEVICE/App/usbd_cdc_if.o
 .debug_line    0x000000000001883a      0xb28 USB_DEVICE/App/usbd_desc.o
 .debug_line    0x0000000000019362      0xec8 USB_DEVICE/Target/usbd_conf.o

.debug_str      0x0000000000000000    0x8f475
 .debug_str     0x0000000000000000    0x8b090 Core/Src/main.o
                                      0x8b5ff (size before relaxing)
 .debug_str     0x000000000008b090       0xe6 Core/Src/stm32f1xx_hal_msp.o
                                      0x860fb (size before relaxing)
 .debug_str     0x000000000008b176      0x42b Core/Src/stm32f1xx_it.o
                                      0x85f1e (size before relaxing)
 .debug_str     0x000000000008b5a1       0x52 Core/Src/system_stm32f1xx.o
                                      0x85932 (size before relaxing)
 .debug_str     0x000000000008b5f3       0x36 Core/Startup/startup_stm32f103c8tx.o
                                         0x93 (size before relaxing)
 .debug_str     0x000000000008b629      0x315 Drivers/STM32F1xx_HAL_Driver/Src/stm32f1xx_hal.o
                                      0x86008 (size before relaxing)
 .debug_str     0x000000000008b93e      0x280 Drivers/STM32F1xx_HAL_Driver/Src/stm32f1xx_hal_cortex.o
                                      0x85fcb (size before relaxing)
 .debug_str     0x000000000008bbbe      0x206 Drivers/STM32F1xx_HAL_Driver/Src/stm32f1xx_hal_dma.o
                                      0x85d19 (size before relaxing)
 .debug_str     0x000000000008bdc4      0x2ef Drivers/STM32F1xx_HAL_Driver/Src/stm32f1xx_hal_gpio.o
                                      0x85cf6 (size before relaxing)
 .debug_str     0x000000000008c0b3      0x563 Drivers/STM32F1xx_HAL_Driver/Src/stm32f1xx_hal_pcd.o
                                      0x86226 (size before relaxing)
 .debug_str     0x000000000008c616      0x170 Drivers/STM32F1xx_HAL_Driver/Src/stm32f1xx_hal_pcd_ex.o
                                      0x85dd2 (size before relaxing)
 .debug_str     0x000000000008c786      0x229 Drivers/STM32F1xx_HAL_Driver/Src/stm32f1xx_hal_rcc.o
                                      0x85d56 (size before relaxing)
 .debug_str     0x000000000008c9af       0x9f Drivers/STM32F1xx_HAL_Driver/Src/stm32f1xx_hal_rcc_ex.o
                                      0x85add (size before relaxing)
 .debug_str     0x000000000008ca4e      0xd3e Drivers/STM32F1xx_HAL_Driver/Src/stm32f1xx_hal_tim.o
                                      0x86d54 (size before relaxing)
 .debug_str     0x000000000008d78c      0x4d9 Drivers/STM32F1xx_HAL_Driver/Src/stm32f1xx_hal_tim_ex.o
                                      0x8657e (size before relaxing)
 .debug_str     0x000000000008dc65      0x51f Drivers/STM32F1xx_HAL_Driver/Src/stm32f1xx_hal_uart.o
                                      0x862ac (size before relaxing)
 .debug_str     0x000000000008e184      0x12d Drivers/STM32F1xx_HAL_Driver/Src/stm32f1xx_ll_usb.o
                                      0x85e05 (size before relaxing)
 .debug_str     0x000000000008e2b1      0x957 Middlewares/ST/STM32_USB_Device_Library/Class/CDC/Src/usbd_cdc.o
                                      0x8b1ed (size before relaxing)
 .debug_str     0x000000000008ec08      0x294 Middlewares/ST/STM32_USB_Device_Library/Core/Src/usbd_core.o
                                      0x8ab3b (size before relaxing)
 .debug_str     0x000000000008ee9c      0x120 Middlewares/ST/STM32_USB_Device_Library/Core/Src/usbd_ctlreq.o
                                      0x8aa55 (size before relaxing)
 .debug_str     0x000000000008efbc       0x51 Middlewares/ST/STM32_USB_Device_Library/Core/Src/usbd_ioreq.o
                                      0x8a982 (size before relaxing)
 .debug_str     0x000000000008f00d       0xd9 USB_DEVICE/App/usb_device.o
                                      0x8acd0 (size before relaxing)
 .debug_str     0x000000000008f0e6       0xc4 USB_DEVICE/App/usbd_cdc_if.o
                                      0x8ad80 (size before relaxing)
 .debug_str     0x000000000008f1aa      0x258 USB_DEVICE/App/usbd_desc.o
                                      0x8a8be (size before relaxing)
 .debug_str     0x000000000008f402       0x73 USB_DEVICE/Target/usbd_conf.o
                                      0x8b78e (size before relaxing)

.comment        0x0000000000000000       0x53
 .comment       0x0000000000000000       0x53 Core/Src/main.o
                                         0x54 (size before relaxing)
 .comment       0x0000000000000053       0x54 Core/Src/stm32f1xx_hal_msp.o
 .comment       0x0000000000000053       0x54 Core/Src/stm32f1xx_it.o
 .comment       0x0000000000000053       0x54 Core/Src/system_stm32f1xx.o
 .comment       0x0000000000000053       0x54 Drivers/STM32F1xx_HAL_Driver/Src/stm32f1xx_hal.o
 .comment       0x0000000000000053       0x54 Drivers/STM32F1xx_HAL_Driver/Src/stm32f1xx_hal_cortex.o
 .comment       0x0000000000000053       0x54 Drivers/STM32F1xx_HAL_Driver/Src/stm32f1xx_hal_dma.o
 .comment       0x0000000000000053       0x54 Drivers/STM32F1xx_HAL_Driver/Src/stm32f1xx_hal_gpio.o
 .comment       0x0000000000000053       0x54 Drivers/STM32F1xx_HAL_Driver/Src/stm32f1xx_hal_pcd.o
 .comment       0x0000000000000053       0x54 Drivers/STM32F1xx_HAL_Driver/Src/stm32f1xx_hal_pcd_ex.o
 .comment       0x0000000000000053       0x54 Drivers/STM32F1xx_HAL_Driver/Src/stm32f1xx_hal_rcc.o
 .comment       0x0000000000000053       0x54 Drivers/STM32F1xx_HAL_Driver/Src/stm32f1xx_hal_rcc_ex.o
 .comment       0x0000000000000053       0x54 Drivers/STM32F1xx_HAL_Driver/Src/stm32f1xx_hal_tim.o
 .comment       0x0000000000000053       0x54 Drivers/STM32F1xx_HAL_Driver/Src/stm32f1xx_hal_tim_ex.o
 .comment       0x0000000000000053       0x54 Drivers/STM32F1xx_HAL_Driver/Src/stm32f1xx_hal_uart.o
 .comment       0x0000000000000053       0x54 Drivers/STM32F1xx_HAL_Driver/Src/stm32f1xx_ll_usb.o
 .comment       0x0000000000000053       0x54 Middlewares/ST/STM32_USB_Device_Library/Class/CDC/Src/usbd_cdc.o
 .comment       0x0000000000000053       0x54 Middlewares/ST/STM32_USB_Device_Library/Core/Src/usbd_core.o
 .comment       0x0000000000000053       0x54 Middlewares/ST/STM32_USB_Device_Library/Core/Src/usbd_ctlreq.o
 .comment       0x0000000000000053       0x54 Middlewares/ST/STM32_USB_Device_Library/Core/Src/usbd_ioreq.o
 .comment       0x0000000000000053       0x54 USB_DEVICE/App/usb_device.o
 .comment       0x0000000000000053       0x54 USB_DEVICE/App/usbd_cdc_if.o
 .comment       0x0000000000000053       0x54 USB_DEVICE/App/usbd_desc.o
 .comment       0x0000000000000053       0x54 USB_DEVICE/Target/usbd_conf.o

.debug_frame    0x0000000000000000     0x2bcc
 .debug_frame   0x0000000000000000       0x80 Core/Src/main.o
 .debug_frame   0x0000000000000080       0x9c Core/Src/stm32f1xx_hal_msp.o
 .debug_frame   0x000000000000011c      0x108 Core/Src/stm32f1xx_it.o
 .debug_frame   0x0000000000000224       0x30 Core/Src/system_stm32f1xx.o
 .debug_frame   0x0000000000000254      0x1cc Drivers/STM32F1xx_HAL_Driver/Src/stm32f1xx_hal.o
 .debug_frame   0x0000000000000420      0x12c Drivers/STM32F1xx_HAL_Driver/Src/stm32f1xx_hal_cortex.o
 .debug_frame   0x000000000000054c      0x144 Drivers/STM32F1xx_HAL_Driver/Src/stm32f1xx_hal_dma.o
 .debug_frame   0x0000000000000690       0xe4 Drivers/STM32F1xx_HAL_Driver/Src/stm32f1xx_hal_gpio.o
 .debug_frame   0x0000000000000774      0x308 Drivers/STM32F1xx_HAL_Driver/Src/stm32f1xx_hal_pcd.o
 .debug_frame   0x0000000000000a7c       0x50 Drivers/STM32F1xx_HAL_Driver/Src/stm32f1xx_hal_pcd_ex.o
 .debug_frame   0x0000000000000acc      0x17c Drivers/STM32F1xx_HAL_Driver/Src/stm32f1xx_hal_rcc.o
 .debug_frame   0x0000000000000c48       0x68 Drivers/STM32F1xx_HAL_Driver/Src/stm32f1xx_hal_rcc_ex.o
 .debug_frame   0x0000000000000cb0      0xaac Drivers/STM32F1xx_HAL_Driver/Src/stm32f1xx_hal_tim.o
 .debug_frame   0x000000000000175c      0x418 Drivers/STM32F1xx_HAL_Driver/Src/stm32f1xx_hal_tim_ex.o
 .debug_frame   0x0000000000001b74      0x4bc Drivers/STM32F1xx_HAL_Driver/Src/stm32f1xx_hal_uart.o
 .debug_frame   0x0000000000002030      0x22c Drivers/STM32F1xx_HAL_Driver/Src/stm32f1xx_ll_usb.o
 .debug_frame   0x000000000000225c      0x16c Middlewares/ST/STM32_USB_Device_Library/Class/CDC/Src/usbd_cdc.o
 .debug_frame   0x00000000000023c8      0x1c4 Middlewares/ST/STM32_USB_Device_Library/Core/Src/usbd_core.o
 .debug_frame   0x000000000000258c       0xb4 Middlewares/ST/STM32_USB_Device_Library/Core/Src/usbd_ctlreq.o
 .debug_frame   0x0000000000002640       0xb8 Middlewares/ST/STM32_USB_Device_Library/Core/Src/usbd_ioreq.o
 .debug_frame   0x00000000000026f8       0x28 USB_DEVICE/App/usb_device.o
 .debug_frame   0x0000000000002720       0x80 USB_DEVICE/App/usbd_cdc_if.o
 .debug_frame   0x00000000000027a0       0xcc USB_DEVICE/App/usbd_desc.o
 .debug_frame   0x000000000000286c      0x2ec USB_DEVICE/Target/usbd_conf.o
 .debug_frame   0x0000000000002b58       0x2c c:/st/stm32cubeide_1.6.1/stm32cubeide/plugins/com.st.stm32cube.ide.mcu.externaltools.gnu-tools-for-stm32.9-2020-q2-update.win32_1.5.0.202011040924/tools/bin/../lib/gcc/arm-none-eabi/9.3.1/../../../../arm-none-eabi/lib/thumb/v7-m/nofp\libc_nano.a(lib_a-init.o)
 .debug_frame   0x0000000000002b84       0x28 c:/st/stm32cubeide_1.6.1/stm32cubeide/plugins/com.st.stm32cube.ide.mcu.externaltools.gnu-tools-for-stm32.9-2020-q2-update.win32_1.5.0.202011040924/tools/bin/../lib/gcc/arm-none-eabi/9.3.1/../../../../arm-none-eabi/lib/thumb/v7-m/nofp\libc_nano.a(lib_a-memcpy-stub.o)
 .debug_frame   0x0000000000002bac       0x20 c:/st/stm32cubeide_1.6.1/stm32cubeide/plugins/com.st.stm32cube.ide.mcu.externaltools.gnu-tools-for-stm32.9-2020-q2-update.win32_1.5.0.202011040924/tools/bin/../lib/gcc/arm-none-eabi/9.3.1/../../../../arm-none-eabi/lib/thumb/v7-m/nofp\libc_nano.a(lib_a-memset.o)
